<html>
<body>
<pre>
<h1>µVision Build Log</h1>
<h2>Tool Versions:</h2>
IDE-Version: µVision V5.20.0.0
Copyright (C) 2016 ARM Ltd and ARM Germany GmbH. All rights reserved.
License Information: David Burmeier Oklahoma Christian University Flex license: MDK-ARM Professional: 100 user(s) (mdk_pro) Operation stops: 1 Jun 2017
 
Tool Versions:
Toolchain:       MDK-ARM Professional: 100 user(s)  Version: 5.20
Toolchain Path:  C:\Keil_v5\ARM\ARMCC\Bin
C Compiler:      Armcc.exe V5.06 update 2 (build 183)
Assembler:       Armasm.exe V5.06 update 2 (build 183)
Linker/Locator:  ArmLink.exe V5.06 update 2 (build 183)
Library Manager: ArmAr.exe V5.06 update 2 (build 183)
Hex Converter:   FromElf.exe V5.06 update 2 (build 183)
CPU DLL:         SARMCM3.DLL V5.20
Dialog DLL:      DCM.DLL V1.13.7.0
Target DLL:      STLink\ST-LINKIII-KEIL_SWO.dll V2.0.18.0
Dialog DLL:      TCM.DLL V1.14.9.0
 
<h2>Project:</h2>
C:\Repos\SERTS-Final-Project\SERTS-Final-Project\AFP Keil Project Take 2\AFP_Proj_David_Christian_Take_2.uvprojx
Project File Date:  12/06/2016

<h2>Output:</h2>
*** Using Compiler 'V5.06 update 2 (build 183)', folder: 'C:\Keil_v5\ARM\ARMCC\Bin'
Build target 'Target 1'
compiling main.c...
compiling Thread.c...
linking...
Program Size: Code=18268 RO-data=784 RW-data=172 ZI-data=104652  
".\Objects\AFP_Proj_David_Christian_Take_2.axf" - 0 Error(s), 0 Warning(s).

<h2>Software Packages used:</h2>

Package Vendor: ARM
                http://www.keil.com/pack/ARM.CMSIS.5.0.0-Beta4.pack
                ::CMSIS:RTOS:1.0 (API)
                CMSIS (Cortex Microcontroller Software Interface Standard)
   * Component: RTOS Version: 1.0
   * Component: USART Version: 2.02
   * Component: USB Host Version: 2.01
   * Component: CORE Version: 5.0.0
   * Component: DSP Version: 1.4.6
   * Component: Keil RTX Version: 4.81.0

Package Vendor: Keil
                http://www.keil.com/pack/Keil.ARM_Compiler.1.1.1.pack
                Keil::Compiler:I/O:File:File System:1.1.0
                Keil ARM Compiler extensions
   * Component: File Variant: File System Version: 1.1.0

Package Vendor: Keil
                http://www.keil.com/pack/Keil.MDK-Middleware.7.2.0.pack
                ::Board Support:LED:1.00 (API)
                Keil MDK-ARM Professional Middleware for ARM Cortex-M based devices
   * Component: LED Version: 1.00
   * Component: Buttons Version: 1.00
   * Component: CORE Variant: LFN Version: 6.8.0
   * Component: USB Version: 6.8.0
   * Component: CORE Version: 6.8.0
   * Component: Host Version: 6.8.0
   * Component: MSC Version: 6.8.0

Package Vendor: Keil
                http://www.keil.com/pack/Keil.STM32F4xx_DFP.2.9.0.pack
                ::Device:STM32Cube Framework:1.0.0 (API)
                STMicroelectronics STM32F4 Series Device Support, Drivers and Examples
   * Component: STM32Cube Framework Version: 1.0.0
   * Component: Startup Version: 2.5.0
   * Component: Classic Version: 1.5.0
   * Component: Common Version: 1.5.0
   * Component: Cortex Version: 1.5.0
   * Component: DMA Version: 1.5.0
   * Component: GPIO Version: 1.5.0
   * Component: I2C Version: 1.5.0
   * Component: I2S Version: 1.5.0
   * Component: PWR Version: 1.5.0
   * Component: RCC Version: 1.5.0
   * Component: SPI Version: 1.5.0
   * Component: USART Version: 1.5.0
   * Component: USART Version: 2.7
   * Component: Full-speed Version: 2.18
   * Component: LED Version: 2.0.0
   * Component: Buttons Version: 2.0.0

<h2>Collection of Component include folders:</h2>
  C:\Repos\SERTS-Final-Project\SERTS-Final-Project\AFP Keil Project Take 2\RTE
  C:\Repos\SERTS-Final-Project\SERTS-Final-Project\AFP Keil Project Take 2\RTE\Device\STM32F407VGTx
  C:\Keil_v5\ARM\PACK\ARM\CMSIS\5.0.0-Beta4\CMSIS\Driver\Include
  C:\Keil_v5\ARM\PACK\ARM\CMSIS\5.0.0-Beta4\CMSIS\Include
  C:\Keil_v5\ARM\PACK\ARM\CMSIS\5.0.0-Beta4\CMSIS\RTOS\RTX\INC
  C:\Keil_v5\ARM\PACK\Keil\MDK-Middleware\7.2.0\Board
  C:\Keil_v5\ARM\PACK\Keil\MDK-Middleware\7.2.0\FileSystem\Include
  C:\Keil_v5\ARM\PACK\Keil\MDK-Middleware\7.2.0\USB\Include
  C:\Keil_v5\ARM\PACK\Keil\STM32F4xx_DFP\2.9.0\Drivers\CMSIS\Device\ST\STM32F4xx\Include
  C:\Keil_v5\ARM\PACK\Keil\STM32F4xx_DFP\2.9.0\Drivers\STM32F4xx_HAL_Driver\Inc

<h2>Collection of Component Files used:</h2>

   * Component: ::CMSIS:RTOS:1.0 (API)

   * Component: ::CMSIS Driver:USART:2.02 (API)
      Include file:  CMSIS\Driver\Include\Driver_USART.h

   * Component: ::CMSIS Driver:USB Host:2.01 (API)
      Include file:  CMSIS\Driver\Include\Driver_USBH.h

   * Component: ARM::CMSIS:CORE:5.0.0

   * Component: ARM::CMSIS:DSP:1.4.6
      Include file:  CMSIS\Include\arm_math.h
      Library file:  CMSIS\Lib\ARM\arm_cortexM4lf_math.lib

   * Component: ARM::CMSIS:RTOS:Keil RTX:4.81.0
      Include file:  CMSIS\RTOS\RTX\INC\cmsis_os.h
      Source file:   CMSIS\RTOS\RTX\Templates\RTX_Conf_CM.c
      Include file:  CMSIS\RTOS\RTX\UserCodeTemplates\osObjects.h
      Source file:   CMSIS\RTOS\RTX\UserCodeTemplates\main.c
      Source file:   CMSIS\RTOS\RTX\UserCodeTemplates\MailQueue.c
      Source file:   CMSIS\RTOS\RTX\UserCodeTemplates\MemPool.c
      Source file:   CMSIS\RTOS\RTX\UserCodeTemplates\MsgQueue.c
      Source file:   CMSIS\RTOS\RTX\UserCodeTemplates\Mutex.c
      Source file:   CMSIS\RTOS\RTX\UserCodeTemplates\Semaphore.c
      Source file:   CMSIS\RTOS\RTX\UserCodeTemplates\Thread.c
      Source file:   CMSIS\RTOS\RTX\UserCodeTemplates\Timer.c
      Source file:   CMSIS\RTOS\RTX\SRC\ARM\SVC_Table.s
      Library file:  CMSIS\RTOS\RTX\LIB\ARM\RTX_CM4.lib

   * Component: Keil::Compiler:I/O:File:File System:1.1.0
      Source file:   Source\retarget_io.c

   * Component: ::Board Support:LED:1.00 (API)
      Include file:  Board\Board_LED.h

   * Component: ::Board Support:Buttons:1.00 (API)
      Include file:  Board\Board_Buttons.h

   * Component: Keil.MDK-Pro::File System:CORE:LFN:6.8.0
      Include file:  FileSystem\Include\rl_fs.h
      Source file:   FileSystem\Config\FS_Config.c
      Library file:  FileSystem\Lib\ARM\FS_LFN_CM3_L.lib

   * Component: Keil.MDK-Pro::File System:Drive:USB:6.8.0
      Source file:   FileSystem\Config\FS_Config_USB.h

   * Component: Keil.MDK-Pro::USB:CORE:6.8.0
      Include file:  USB\Include\rl_usb.h
      Library file:  USB\Lib\ARM\USB_CM3_L.lib

   * Component: Keil.MDK-Pro::USB:Host:6.8.0
      Source file:   USB\Config\USBH_Config.c

   * Component: Keil.MDK-Pro::USB:Host:MSC:6.8.0
      Source file:   USB\Config\USBH_Config_MSC.h
      Source file:   USB\Template\USBH_MSC.c
      Source file:   USB\Template\USBH_MSC.h

   * Component: ::Device:STM32Cube Framework:1.0.0 (API)

   * Component: Keil::Device:Startup:2.5.0
      Source file:   MDK\Device\Source\ARM\STM32F40xxx_41xxx_OPT.s
      Source file:   MDK\Device\Source\ARM\STM32F4xx_OTP.s
      Include file:  Drivers\CMSIS\Device\ST\STM32F4xx\Include\stm32f4xx.h
      Source file:   Drivers\CMSIS\Device\ST\STM32F4xx\Source\Templates\arm\startup_stm32f407xx.s
      Source file:   Drivers\CMSIS\Device\ST\STM32F4xx\Source\Templates\system_stm32f4xx.c

   * Component: Keil::Device:STM32Cube Framework:Classic:1.5.0
      Include file:  CMSIS\Driver\Config\RTE_Device.h
      Include file:  MDK\Templates\Inc\stm32f4xx_hal_conf.h
      Source file:   MDK\Templates\Src\stm32f4xx_hal_msp.c
      Include file:  MDK\Templates\Inc\stm32f4xx_it.h
      Source file:   MDK\Templates\Src\stm32f4xx_it.c
      Include file:  MDK\Templates\Inc\main.h
      Source file:   MDK\Templates\Src\main.c

   * Component: Keil::Device:STM32Cube HAL:Common:1.5.0
      Include file:  Drivers\STM32F4xx_HAL_Driver\Inc\stm32f4xx_hal.h
      Source file:   Drivers\STM32F4xx_HAL_Driver\Src\stm32f4xx_hal.c

   * Component: Keil::Device:STM32Cube HAL:Cortex:1.5.0
      Source file:   Drivers\STM32F4xx_HAL_Driver\Src\stm32f4xx_hal_cortex.c

   * Component: Keil::Device:STM32Cube HAL:DMA:1.5.0
      Source file:   Drivers\STM32F4xx_HAL_Driver\Src\stm32f4xx_hal_dma.c
      Source file:   Drivers\STM32F4xx_HAL_Driver\Src\stm32f4xx_hal_dma_ex.c

   * Component: Keil::Device:STM32Cube HAL:GPIO:1.5.0
      Source file:   Drivers\STM32F4xx_HAL_Driver\Src\stm32f4xx_hal_gpio.c

   * Component: Keil::Device:STM32Cube HAL:I2C:1.5.0
      Source file:   Drivers\STM32F4xx_HAL_Driver\Src\stm32f4xx_hal_i2c.c

   * Component: Keil::Device:STM32Cube HAL:I2S:1.5.0
      Source file:   Drivers\STM32F4xx_HAL_Driver\Src\stm32f4xx_hal_i2s.c
      Source file:   Drivers\STM32F4xx_HAL_Driver\Src\stm32f4xx_hal_i2s_ex.c

   * Component: Keil::Device:STM32Cube HAL:PWR:1.5.0
      Source file:   Drivers\STM32F4xx_HAL_Driver\Src\stm32f4xx_hal_pwr.c
      Source file:   Drivers\STM32F4xx_HAL_Driver\Src\stm32f4xx_hal_pwr_ex.c

   * Component: Keil::Device:STM32Cube HAL:RCC:1.5.0
      Source file:   Drivers\STM32F4xx_HAL_Driver\Src\stm32f4xx_hal_rcc.c
      Source file:   Drivers\STM32F4xx_HAL_Driver\Src\stm32f4xx_hal_rcc_ex.c

   * Component: Keil::Device:STM32Cube HAL:SPI:1.5.0
      Source file:   Drivers\STM32F4xx_HAL_Driver\Src\stm32f4xx_hal_spi.c

   * Component: Keil::Device:STM32Cube HAL:USART:1.5.0
      Source file:   Drivers\STM32F4xx_HAL_Driver\Src\stm32f4xx_hal_usart.c

   * Component: Keil::CMSIS Driver:USART:2.7
      Source file:   CMSIS\Driver\USART_STM32F4xx.c

   * Component: Keil::CMSIS Driver:USB Host:Full-speed:2.18
      Source file:   CMSIS\Driver\OTG_FS_STM32F4xx.c
      Source file:   CMSIS\Driver\USBH_FS_STM32F4xx.c

   * Component: Keil.STM32F4-Discovery::Board Support:LED:2.0.0
      Source file:   MDK\Boards\ST\STM32F4-Discovery\Common\LED_F4Discovery.c

   * Component: Keil.STM32F4-Discovery::Board Support:Buttons:2.0.0
      Source file:   MDK\Boards\ST\STM32F4-Discovery\Common\Buttons_F4Discovery.c
Build Time Elapsed:  00:00:10
</pre>
</body>
</html>
