Component: ARM Compiler 5.06 update 2 (build 183) Tool: armlink [4d35b7]

==============================================================================

Section Cross References

    cs43l22.o(i.CODEC_IO_Write) refers to stm32f4_discovery.o(i.AUDIO_IO_Write) for AUDIO_IO_Write
    cs43l22.o(i.cs43l22_DeInit) refers to stm32f4_discovery.o(i.AUDIO_IO_DeInit) for AUDIO_IO_DeInit
    cs43l22.o(i.cs43l22_Init) refers to stm32f4_discovery.o(i.AUDIO_IO_Init) for AUDIO_IO_Init
    cs43l22.o(i.cs43l22_Init) refers to cs43l22.o(i.CODEC_IO_Write) for CODEC_IO_Write
    cs43l22.o(i.cs43l22_Init) refers to cs43l22.o(i.cs43l22_SetVolume) for cs43l22_SetVolume
    cs43l22.o(i.cs43l22_Init) refers to cs43l22.o(.data) for OutputDev
    cs43l22.o(i.cs43l22_Pause) refers to cs43l22.o(i.cs43l22_SetMute) for cs43l22_SetMute
    cs43l22.o(i.cs43l22_Pause) refers to cs43l22.o(i.CODEC_IO_Write) for CODEC_IO_Write
    cs43l22.o(i.cs43l22_Play) refers to cs43l22.o(i.CODEC_IO_Write) for CODEC_IO_Write
    cs43l22.o(i.cs43l22_Play) refers to cs43l22.o(i.cs43l22_SetMute) for cs43l22_SetMute
    cs43l22.o(i.cs43l22_Play) refers to cs43l22.o(.data) for Is_cs43l22_Stop
    cs43l22.o(i.cs43l22_ReadID) refers to stm32f4_discovery.o(i.AUDIO_IO_Init) for AUDIO_IO_Init
    cs43l22.o(i.cs43l22_ReadID) refers to stm32f4_discovery.o(i.AUDIO_IO_Read) for AUDIO_IO_Read
    cs43l22.o(i.cs43l22_Resume) refers to cs43l22.o(i.cs43l22_SetMute) for cs43l22_SetMute
    cs43l22.o(i.cs43l22_Resume) refers to cs43l22.o(i.CODEC_IO_Write) for CODEC_IO_Write
    cs43l22.o(i.cs43l22_Resume) refers to cs43l22.o(.data) for OutputDev
    cs43l22.o(i.cs43l22_SetMute) refers to cs43l22.o(i.CODEC_IO_Write) for CODEC_IO_Write
    cs43l22.o(i.cs43l22_SetMute) refers to cs43l22.o(.data) for OutputDev
    cs43l22.o(i.cs43l22_SetOutputMode) refers to cs43l22.o(i.CODEC_IO_Write) for CODEC_IO_Write
    cs43l22.o(i.cs43l22_SetOutputMode) refers to cs43l22.o(.data) for OutputDev
    cs43l22.o(i.cs43l22_SetVolume) refers to cs43l22.o(i.CODEC_IO_Write) for CODEC_IO_Write
    cs43l22.o(i.cs43l22_Stop) refers to cs43l22.o(i.cs43l22_SetMute) for cs43l22_SetMute
    cs43l22.o(i.cs43l22_Stop) refers to cs43l22.o(i.CODEC_IO_Write) for CODEC_IO_Write
    cs43l22.o(i.cs43l22_Stop) refers to cs43l22.o(.data) for Is_cs43l22_Stop
    cs43l22.o(.data) refers to cs43l22.o(i.cs43l22_Init) for cs43l22_Init
    cs43l22.o(.data) refers to cs43l22.o(i.cs43l22_DeInit) for cs43l22_DeInit
    cs43l22.o(.data) refers to cs43l22.o(i.cs43l22_ReadID) for cs43l22_ReadID
    cs43l22.o(.data) refers to cs43l22.o(i.cs43l22_Play) for cs43l22_Play
    cs43l22.o(.data) refers to cs43l22.o(i.cs43l22_Pause) for cs43l22_Pause
    cs43l22.o(.data) refers to cs43l22.o(i.cs43l22_Resume) for cs43l22_Resume
    cs43l22.o(.data) refers to cs43l22.o(i.cs43l22_Stop) for cs43l22_Stop
    cs43l22.o(.data) refers to cs43l22.o(i.cs43l22_SetFrequency) for cs43l22_SetFrequency
    cs43l22.o(.data) refers to cs43l22.o(i.cs43l22_SetVolume) for cs43l22_SetVolume
    cs43l22.o(.data) refers to cs43l22.o(i.cs43l22_SetMute) for cs43l22_SetMute
    cs43l22.o(.data) refers to cs43l22.o(i.cs43l22_SetOutputMode) for cs43l22_SetOutputMode
    cs43l22.o(.data) refers to cs43l22.o(i.cs43l22_Reset) for cs43l22_Reset
    main.o(i.HAL_GetTick) refers to rt_time.o(.data) for os_time
    main.o(i.SystemClock_Config) refers to stm32f4xx_hal_rcc.o(i.HAL_RCC_OscConfig) for HAL_RCC_OscConfig
    main.o(i.SystemClock_Config) refers to main.o(i.Error_Handler) for Error_Handler
    main.o(i.SystemClock_Config) refers to stm32f4xx_hal_rcc.o(i.HAL_RCC_ClockConfig) for HAL_RCC_ClockConfig
    main.o(i.SystemClock_Config) refers to stm32f4xx_hal.o(i.HAL_GetREVID) for HAL_GetREVID
    main.o(i.main) refers to rt_cmsis.o(i.osKernelInitialize) for osKernelInitialize
    main.o(i.main) refers to stm32f4xx_hal.o(i.HAL_Init) for HAL_Init
    main.o(i.main) refers to main.o(i.SystemClock_Config) for SystemClock_Config
    main.o(i.main) refers to uart_driver.o(i.UART_Init) for UART_Init
    main.o(i.main) refers to thread.o(i.Init_Thread) for Init_Thread
    main.o(i.main) refers to rt_cmsis.o(i.osKernelStart) for osKernelStart
    stm32f4_discovery.o(i.ACCELERO_IO_ITConfig) refers to stm32f4xx_hal_gpio.o(i.HAL_GPIO_Init) for HAL_GPIO_Init
    stm32f4_discovery.o(i.ACCELERO_IO_ITConfig) refers to stm32f4xx_hal_cortex.o(i.HAL_NVIC_SetPriority) for HAL_NVIC_SetPriority
    stm32f4_discovery.o(i.ACCELERO_IO_ITConfig) refers to stm32f4xx_hal_cortex.o(i.HAL_NVIC_EnableIRQ) for HAL_NVIC_EnableIRQ
    stm32f4_discovery.o(i.ACCELERO_IO_Init) refers to stm32f4xx_hal_gpio.o(i.HAL_GPIO_Init) for HAL_GPIO_Init
    stm32f4_discovery.o(i.ACCELERO_IO_Init) refers to stm32f4xx_hal_gpio.o(i.HAL_GPIO_WritePin) for HAL_GPIO_WritePin
    stm32f4_discovery.o(i.ACCELERO_IO_Init) refers to stm32f4_discovery.o(i.SPIx_Init) for SPIx_Init
    stm32f4_discovery.o(i.ACCELERO_IO_Read) refers to stm32f4xx_hal_gpio.o(i.HAL_GPIO_WritePin) for HAL_GPIO_WritePin
[...]
    i.USART_GetCapabilities                  0x08002310   Section        0  usart_stm32f4xx.o(i.USART_GetCapabilities)
    USART_GetCapabilities                    0x08002311   Thumb Code     6  usart_stm32f4xx.o(i.USART_GetCapabilities)
    i.USART_GetModemStatus                   0x08002316   Section        0  usart_stm32f4xx.o(i.USART_GetModemStatus)
    USART_GetModemStatus                     0x08002317   Thumb Code    90  usart_stm32f4xx.o(i.USART_GetModemStatus)
    i.USART_GetRxCount                       0x08002370   Section        0  usart_stm32f4xx.o(i.USART_GetRxCount)
    USART_GetRxCount                         0x08002371   Thumb Code     8  usart_stm32f4xx.o(i.USART_GetRxCount)
    i.USART_GetStatus                        0x08002378   Section        0  usart_stm32f4xx.o(i.USART_GetStatus)
    USART_GetStatus                          0x08002379   Thumb Code   118  usart_stm32f4xx.o(i.USART_GetStatus)
    i.USART_GetTxCount                       0x080023ee   Section        0  usart_stm32f4xx.o(i.USART_GetTxCount)
    USART_GetTxCount                         0x080023ef   Thumb Code     8  usart_stm32f4xx.o(i.USART_GetTxCount)
    i.USART_IRQHandler                       0x080023f6   Section        0  usart_stm32f4xx.o(i.USART_IRQHandler)
    i.USART_Initialize                       0x08002668   Section        0  usart_stm32f4xx.o(i.USART_Initialize)
    USART_Initialize                         0x08002669   Thumb Code   138  usart_stm32f4xx.o(i.USART_Initialize)
    i.USART_PeripheralReset                  0x080026f4   Section        0  usart_stm32f4xx.o(i.USART_PeripheralReset)
    USART_PeripheralReset                    0x080026f5   Thumb Code   278  usart_stm32f4xx.o(i.USART_PeripheralReset)
    i.USART_PowerControl                     0x08002828   Section        0  usart_stm32f4xx.o(i.USART_PowerControl)
    USART_PowerControl                       0x08002829   Thumb Code   670  usart_stm32f4xx.o(i.USART_PowerControl)
    i.USART_Receive                          0x08002ae8   Section        0  usart_stm32f4xx.o(i.USART_Receive)
    USART_Receive                            0x08002ae9   Thumb Code   162  usart_stm32f4xx.o(i.USART_Receive)
    i.USART_Send                             0x08002b8a   Section        0  usart_stm32f4xx.o(i.USART_Send)
    USART_Send                               0x08002b8b   Thumb Code   136  usart_stm32f4xx.o(i.USART_Send)
    i.USART_SetModemControl                  0x08002c12   Section        0  usart_stm32f4xx.o(i.USART_SetModemControl)
    USART_SetModemControl                    0x08002c13   Thumb Code   114  usart_stm32f4xx.o(i.USART_SetModemControl)
    i.USART_Transfer                         0x08002c84   Section        0  usart_stm32f4xx.o(i.USART_Transfer)
    USART_Transfer                           0x08002c85   Thumb Code   106  usart_stm32f4xx.o(i.USART_Transfer)
    i.USART_Uninitialize                     0x08002cee   Section        0  usart_stm32f4xx.o(i.USART_Uninitialize)
    USART_Uninitialize                       0x08002cef   Thumb Code   106  usart_stm32f4xx.o(i.USART_Uninitialize)
    i.USART_callback                         0x08002d58   Section        0  uart_driver.o(i.USART_callback)
    i.USARTx_GetVersion                      0x08002da8   Section        0  usart_stm32f4xx.o(i.USARTx_GetVersion)
    USARTx_GetVersion                        0x08002da9   Thumb Code    10  usart_stm32f4xx.o(i.USARTx_GetVersion)
    i.USBH_CH_GetIndexFromAddress            0x08002db8   Section        0  usbh_fs_stm32f4xx.o(i.USBH_CH_GetIndexFromAddress)
    USBH_CH_GetIndexFromAddress              0x08002db9   Thumb Code    10  usbh_fs_stm32f4xx.o(i.USBH_CH_GetIndexFromAddress)
    i.USBH_FS_IRQ                            0x08002dc8   Section        0  usbh_fs_stm32f4xx.o(i.USBH_FS_IRQ)
    i.USBH_HW_StartTransfer                  0x080031ec   Section        0  usbh_fs_stm32f4xx.o(i.USBH_HW_StartTransfer)
    USBH_HW_StartTransfer                    0x080031ed   Thumb Code   488  usbh_fs_stm32f4xx.o(i.USBH_HW_StartTransfer)
    i.UsageFault_Handler                     0x080033e0   Section        0  stm32f4xx_it.o(i.UsageFault_Handler)
    i.__NVIC_DisableIRQ                      0x080033e4   Section        0  usbh_fs_stm32f4xx.o(i.__NVIC_DisableIRQ)
    __NVIC_DisableIRQ                        0x080033e5   Thumb Code    22  usbh_fs_stm32f4xx.o(i.__NVIC_DisableIRQ)
    i.__NVIC_EnableIRQ                       0x08003400   Section        0  usbh_fs_stm32f4xx.o(i.__NVIC_EnableIRQ)
    __NVIC_EnableIRQ                         0x08003401   Thumb Code    26  usbh_fs_stm32f4xx.o(i.__NVIC_EnableIRQ)
    i.__NVIC_GetPriorityGrouping             0x0800341c   Section        0  stm32f4xx_hal_cortex.o(i.__NVIC_GetPriorityGrouping)
    __NVIC_GetPriorityGrouping               0x0800341d   Thumb Code    10  stm32f4xx_hal_cortex.o(i.__NVIC_GetPriorityGrouping)
    i.__NVIC_SetPriority                     0x0800342c   Section        0  stm32f4xx_hal_cortex.o(i.__NVIC_SetPriority)
    __NVIC_SetPriority                       0x0800342d   Thumb Code    32  stm32f4xx_hal_cortex.o(i.__NVIC_SetPriority)
    i._init_box                              0x08003454   Section        0  rt_membox.o(i._init_box)
    i._mutex_acquire                         0x0800349c   Section        0  rtx_conf_cm.o(i._mutex_acquire)
    __tagsym$$used                           0x0800349d   Number         0  rtx_conf_cm.o(i._mutex_acquire)
    i._mutex_release                         0x080034bc   Section        0  rtx_conf_cm.o(i._mutex_release)
    __tagsym$$used                           0x080034bd   Number         0  rtx_conf_cm.o(i._mutex_release)
    i.dbg_init                               0x080034d8   Section        0  hal_cm.o(i.dbg_init)
    i.dbg_task_notify                        0x08003508   Section        0  hal_cm.o(i.dbg_task_notify)
    i.dbg_task_switch                        0x08003528   Section        0  hal_cm.o(i.dbg_task_switch)
    i.isrMessageGet                          0x08003538   Section        0  rt_cmsis.o(i.isrMessageGet)
    i.isrMessagePut                          0x08003562   Section        0  rt_cmsis.o(i.isrMessagePut)
    i.isrSemaphoreRelease                    0x0800358e   Section        0  rt_cmsis.o(i.isrSemaphoreRelease)
    i.isr_mbx_receive                        0x080035b8   Section        0  rt_mailbox.o(i.isr_mbx_receive)
    i.isr_mbx_send                           0x0800360e   Section        0  rt_mailbox.o(i.isr_mbx_send)
    i.isr_sem_send                           0x0800361c   Section        0  rt_semaphore.o(i.isr_sem_send)
    i.main                                   0x0800362c   Section        0  main.o(i.main)
    i.osKernelInitialize                     0x0800364c   Section        0  rt_cmsis.o(i.osKernelInitialize)
    i.osKernelStart                          0x08003670   Section        0  rt_cmsis.o(i.osKernelStart)
    i.osMessageGet                           0x080036dc   Section        0  rt_cmsis.o(i.osMessageGet)
    i.osSemaphoreCreate                      0x080036f4   Section        0  rt_cmsis.o(i.osSemaphoreCreate)
    i.osSemaphoreRelease                     0x08003724   Section        0  rt_cmsis.o(i.osSemaphoreRelease)
    i.osSemaphoreWait                        0x0800373c   Section        0  rt_cmsis.o(i.osSemaphoreWait)
    i.osThreadCreate                         0x08003754   Section        0  rt_cmsis.o(i.osThreadCreate)
    i.osThreadExit                           0x08003784   Section        0  rt_cmsis.o(i.osThreadExit)
    i.osTimerCall                            0x0800379c   Section        0  rt_cmsis.o(i.osTimerCall)
    i.osTimerThread                          0x080037a8   Section        0  rt_cmsis.o(i.osTimerThread)
    i.os_error                               0x080037d4   Section        0  rtx_conf_cm.o(i.os_error)
    i.os_idle_demon                          0x080037f6   Section        0  rtx_conf_cm.o(i.os_idle_demon)
    i.os_tick_init                           0x080037fc   Section        0  rt_system.o(i.os_tick_init)
    i.os_tick_irqack                         0x08003824   Section        0  rt_system.o(i.os_tick_irqack)
    i.rt_alloc_box                           0x08003826   Section        0  rt_membox.o(i.rt_alloc_box)
    i.rt_alloc_mem                           0x08003840   Section        0  rt_memory.o(i.rt_alloc_mem)
    i.rt_block                               0x08003880   Section        0  rt_task.o(i.rt_block)
    i.rt_chk_robin                           0x080038b8   Section        0  rtx_conf_cm.o(i.rt_chk_robin)
    i.rt_dec_dly                             0x080038bc   Section        0  rt_list.o(i.rt_dec_dly)
    i.rt_dispatch                            0x0800392c   Section        0  rt_task.o(i.rt_dispatch)
    i.rt_evt_psh                             0x08003970   Section        0  rt_event.o(i.rt_evt_psh)
    i.rt_free_box                            0x080039c0   Section        0  rt_membox.o(i.rt_free_box)
    i.rt_free_mem                            0x080039ec   Section        0  rt_memory.o(i.rt_free_mem)
    i.rt_get_first                           0x08003a14   Section        0  rt_list.o(i.rt_get_first)
    i.rt_id2obj                              0x08003a3c   Section        0  rt_cmsis.o(i.rt_id2obj)
    rt_id2obj                                0x08003a3d   Thumb Code     8  rt_cmsis.o(i.rt_id2obj)
    i.rt_init_context                        0x08003a44   Section        0  rt_task.o(i.rt_init_context)
    rt_init_context                          0x08003a45   Thumb Code    66  rt_task.o(i.rt_init_context)
    i.rt_init_mem                            0x08003a8c   Section        0  rt_memory.o(i.rt_init_mem)
    i.rt_init_robin                          0x08003aa6   Section        0  rtx_conf_cm.o(i.rt_init_robin)
    i.rt_init_stack                          0x08003aa8   Section        0  hal_cm.o(i.rt_init_stack)
    i.rt_mbx_check                           0x08003b28   Section        0  rt_mailbox.o(i.rt_mbx_check)
    i.rt_mbx_init                            0x08003b30   Section        0  rt_mailbox.o(i.rt_mbx_init)
    i.rt_mbx_psh                             0x08003b4c   Section        0  rt_mailbox.o(i.rt_mbx_psh)
    i.rt_mbx_wait                            0x08003c3c   Section        0  rt_mailbox.o(i.rt_mbx_wait)
    i.rt_ms2tick                             0x08003cf0   Section        0  rt_cmsis.o(i.rt_ms2tick)
    rt_ms2tick                               0x08003cf1   Thumb Code    58  rt_cmsis.o(i.rt_ms2tick)
    i.rt_mut_release                         0x08003d34   Section        0  rt_mutex.o(i.rt_mut_release)
    i.rt_mut_wait                            0x08003e0c   Section        0  rt_mutex.o(i.rt_mut_wait)
    i.rt_pop_req                             0x08003e74   Section        0  rt_system.o(i.rt_pop_req)
    i.rt_psh_req                             0x08003ef0   Section        0  rt_system.o(i.rt_psh_req)
    i.rt_psq_enq                             0x08003f10   Section        0  rt_list.o(i.rt_psq_enq)
    i.rt_put_dly                             0x08003f6c   Section        0  rt_list.o(i.rt_put_dly)
    i.rt_put_prio                            0x08003fb4   Section        0  rt_list.o(i.rt_put_prio)
    i.rt_put_rdy_first                       0x08003fec   Section        0  rt_list.o(i.rt_put_rdy_first)
    i.rt_resort_prio                         0x08004000   Section        0  rt_list.o(i.rt_resort_prio)
    i.rt_ret_regs                            0x08004034   Section        0  hal_cm.o(i.rt_ret_regs)
    rt_ret_regs                              0x08004035   Thumb Code    16  hal_cm.o(i.rt_ret_regs)
    i.rt_ret_val                             0x08004044   Section        0  hal_cm.o(i.rt_ret_val)
    i.rt_ret_val2                            0x08004050   Section        0  hal_cm.o(i.rt_ret_val2)
    i.rt_rmv_dly                             0x08004060   Section        0  rt_list.o(i.rt_rmv_dly)
    i.rt_rmv_list                            0x08004088   Section        0  rt_list.o(i.rt_rmv_list)
    i.rt_sem_init                            0x080040b8   Section        0  rt_semaphore.o(i.rt_sem_init)
    i.rt_sem_psh                             0x080040c4   Section        0  rt_semaphore.o(i.rt_sem_psh)
    i.rt_sem_send                            0x080040f8   Section        0  rt_semaphore.o(i.rt_sem_send)
    i.rt_sem_wait                            0x08004124   Section        0  rt_semaphore.o(i.rt_sem_wait)
    i.rt_stk_check                           0x08004164   Section        0  rt_system.o(i.rt_stk_check)
    i.rt_switch_req                          0x08004188   Section        0  rt_task.o(i.rt_switch_req)
    i.rt_sys_init                            0x080041b0   Section        0  rt_task.o(i.rt_sys_init)
    i.rt_sys_start                           0x0800427c   Section        0  rt_task.o(i.rt_sys_start)
    i.rt_systick                             0x080042f4   Section        0  rt_system.o(i.rt_systick)
    i.rt_tid2ptcb                            0x08004334   Section        0  rt_cmsis.o(i.rt_tid2ptcb)
    rt_tid2ptcb                              0x08004335   Thumb Code    18  rt_cmsis.o(i.rt_tid2ptcb)
    i.rt_timer_insert                        0x08004348   Section        0  rt_cmsis.o(i.rt_timer_insert)
    rt_timer_insert                          0x08004349   Thumb Code    48  rt_cmsis.o(i.rt_timer_insert)
    i.rt_tsk_create                          0x0800437c   Section        0  rt_task.o(i.rt_tsk_create)
    i.rt_tsk_delete                          0x08004404   Section        0  rt_task.o(i.rt_tsk_delete)
    i.rt_tsk_prio                            0x08004580   Section        0  rt_task.o(i.rt_tsk_prio)
    i.rt_tsk_self                            0x080045fc   Section        0  rt_task.o(i.rt_tsk_self)
    i.svcKernelInitialize                    0x0800460c   Section        0  rt_cmsis.o(i.svcKernelInitialize)
    i.svcKernelStart                         0x0800467c   Section        0  rt_cmsis.o(i.svcKernelStart)
    i.svcMessageCreate                       0x080046c4   Section        0  rt_cmsis.o(i.svcMessageCreate)
    i.svcMessageGet                          0x080046e8   Section        0  rt_cmsis.o(i.svcMessageGet)
    i.svcSemaphoreCreate                     0x08004722   Section        0  rt_cmsis.o(i.svcSemaphoreCreate)
    i.svcSemaphoreRelease                    0x08004746   Section        0  rt_cmsis.o(i.svcSemaphoreRelease)
    i.svcSemaphoreWait                       0x0800476e   Section        0  rt_cmsis.o(i.svcSemaphoreWait)
    i.svcThreadCreate                        0x080047a0   Section        0  rt_cmsis.o(i.svcThreadCreate)
    i.svcThreadGetId                         0x08004810   Section        0  rt_cmsis.o(i.svcThreadGetId)
    i.svcThreadTerminate                     0x0800482c   Section        0  rt_cmsis.o(i.svcThreadTerminate)
    i.svcTimerCall                           0x08004864   Section        0  rt_cmsis.o(i.svcTimerCall)
    i.sysTimerTick                           0x0800487c   Section        0  rt_cmsis.o(i.sysTimerTick)
    x$fpl$fpinit                             0x080048d8   Section       10  fpinit.o(x$fpl$fpinit)
    $v0                                      0x080048d8   Number         0  fpinit.o(x$fpl$fpinit)
    .constdata                               0x080048e4   Section       64  thread.o(.constdata)
    .constdata                               0x08004924   Section       16  uart_driver.o(.constdata)
    .constdata                               0x08004934   Section       32  led_f4discovery.o(.constdata)
    LED_PIN                                  0x08004934   Data          32  led_f4discovery.o(.constdata)
    .constdata                               0x08004954   Section      104  rtx_conf_cm.o(.constdata)
    __tagsym$$used                           0x08004970   Number         0  rtx_conf_cm.o(.constdata)
    __tagsym$$used                           0x08004974   Number         0  rtx_conf_cm.o(.constdata)
    __tagsym$$used                           0x08004978   Number         0  rtx_conf_cm.o(.constdata)
    __tagsym$$used                           0x0800497c   Number         0  rtx_conf_cm.o(.constdata)
    .constdata                               0x080049bc   Section      128  usart_stm32f4xx.o(.constdata)
    usart_driver_version                     0x080049bc   Data           4  usart_stm32f4xx.o(.constdata)
    UART4_tx                                 0x080049c0   Data           8  usart_stm32f4xx.o(.constdata)
    UART4_rx                                 0x080049c8   Data           8  usart_stm32f4xx.o(.constdata)
    USART4_Resources                         0x080049d0   Data          52  usart_stm32f4xx.o(.constdata)
    .constdata                               0x08004a3c   Section       16  stm32f4xx_hal_rcc.o(.constdata)
    .data                                    0x20000000   Section       24  thread.o(.data)
    .data                                    0x20000018   Section       48  uart_driver.o(.data)
    .data                                    0x20000048   Section       20  rtx_conf_cm.o(.data)
    nr_mutex                                 0x20000058   Data           4  rtx_conf_cm.o(.data)
    .data                                    0x2000005c   Section       43  usbh_fs_stm32f4xx.o(.data)
    OTG_DFIFO                                0x2000005c   Data          32  usbh_fs_stm32f4xx.o(.data)
    SignalPortEvent                          0x2000007c   Data           4  usbh_fs_stm32f4xx.o(.data)
    SignalPipeEvent                          0x20000080   Data           4  usbh_fs_stm32f4xx.o(.data)
    hw_initialized                           0x20000084   Data           1  usbh_fs_stm32f4xx.o(.data)
    hw_powered                               0x20000085   Data           1  usbh_fs_stm32f4xx.o(.data)
    port_reset                               0x20000086   Data           1  usbh_fs_stm32f4xx.o(.data)
    .data                                    0x20000088   Section        4  system_stm32f4xx.o(.data)
    .data                                    0x2000008c   Section        8  rt_cmsis.o(.data)
    .data                                    0x20000094   Section        8  rt_task.o(.data)
    .data                                    0x2000009c   Section        4  rt_time.o(.data)
    .data                                    0x200000a0   Section        8  rt_system.o(.data)
    os_lock                                  0x200000a0   Data           1  rt_system.o(.data)
    os_psh_flag                              0x200000a1   Data           1  rt_system.o(.data)
    pend_flags                               0x200000a2   Data           1  rt_system.o(.data)
    .data                                    0x200000a8   Section        1  hal_cm.o(.data)
    .bss                                     0x200000ac   Section      380  stm32f4_discovery_audio.o(.bss)
    hdma_i2sTx                               0x20000168   Data          96  stm32f4_discovery_audio.o(.bss)
    hdma_i2sRx                               0x200001c8   Data          96  stm32f4_discovery_audio.o(.bss)
    .bss                                     0x20000228   Section    25936  rtx_conf_cm.o(.bss)
    std_libspace                             0x20006398   Data         864  rtx_conf_cm.o(.bss)
    std_libmutex                             0x200066f8   Data         128  rtx_conf_cm.o(.bss)
    .bss                                     0x20006778   Section       56  usart_stm32f4xx.o(.bss)
    UART4_Info                               0x20006778   Data          20  usart_stm32f4xx.o(.bss)
    UART4_TransferInfo                       0x2000678c   Data          36  usart_stm32f4xx.o(.bss)
    .bss                                     0x200067b0   Section      256  usbh_fs_stm32f4xx.o(.bss)
    pipe                                     0x200067b0   Data         256  usbh_fs_stm32f4xx.o(.bss)
    .bss                                     0x200068b0   Section       52  rt_task.o(.bss)
    .bss                                     0x200068e4   Section       48  rt_list.o(.bss)
    .bss                                     0x20006914   Section       96  libspace.o(.bss)
    HEAP                                     0x20006978   Section    45056  startup_stm32f407xx.o(HEAP)
    Heap_Mem                                 0x20006978   Data       45056  startup_stm32f407xx.o(HEAP)
    STACK                                    0x20011978   Section    32768  startup_stm32f407xx.o(STACK)
    Stack_Mem                                0x20011978   Data       32768  startup_stm32f407xx.o(STACK)
    __initial_sp                             0x20019978   Data           0  startup_stm32f407xx.o(STACK)

    Global Symbols

    Symbol Name                              Value     Ov Type        Size  Object(Section)

    BuildAttributes$$THM_ISAv4$E$P$D$K$B$S$7EM$VFPi3$EXTD16$VFPS$VFMA$PE$A:L22UL41UL21$X:L11$S22US41US21$IEEE1$IW$~IW$USESV6$~STKCKD$USESV7$~SHL$OTIME$ROPI$IEEEX$EBA8$UX$STANDARDLIB$REQ8$PRES8$EABIv2 0x00000000   Number         0  anon$$obj.o ABSOLUTE
    __ARM_use_no_argv                        0x00000000   Number         0  main.o ABSOLUTE
    __ARM_exceptions_init                     - Undefined Weak Reference
    __alloca_initialize                       - Undefined Weak Reference
    __arm_preinit_                            - Undefined Weak Reference
    __cpp_initialize__aeabi_                  - Undefined Weak Reference
    __cxa_finalize                            - Undefined Weak Reference
    __sigvec_lookup                           - Undefined Weak Reference
    __user_heap_extent                        - Undefined Weak Reference
    _atexit_init                              - Undefined Weak Reference
    _call_atexit_fns                          - Undefined Weak Reference
    _clock_init                               - Undefined Weak Reference
    _fp_trap_init                             - Undefined Weak Reference
    _fp_trap_shutdown                         - Undefined Weak Reference
    _get_lc_collate                           - Undefined Weak Reference
    _get_lc_monetary                          - Undefined Weak Reference
    _get_lc_numeric                           - Undefined Weak Reference
    _get_lc_time                              - Undefined Weak Reference
    _getenv_init                              - Undefined Weak Reference
    _handle_redirection                       - Undefined Weak Reference
    _mutex_free                               - Undefined Weak Reference
    _rand_init                                - Undefined Weak Reference
    _signal_finish                            - Undefined Weak Reference
    _signal_init                              - Undefined Weak Reference
    __Vectors_Size                           0x00000188   Number         0  startup_stm32f407xx.o ABSOLUTE
    __RL_RTX_VER                             0x00000481   Number         0  rt_system.o ABSOLUTE
    __MW_FS_VER                              0x06080000   Number         0  fs_version.o ABSOLUTE
    __MW_USB_VER                             0x06080000   Number         0  usb_lib_version.o ABSOLUTE
    __Vectors                                0x08000000   Data           4  startup_stm32f407xx.o(RESET)
    __Vectors_End                            0x08000188   Data           0  startup_stm32f407xx.o(RESET)
    __main                                   0x08000189   Thumb Code     8  __main.o(!!!main)
    __scatterload                            0x08000191   Thumb Code     0  __scatter.o(!!!scatter)
    __scatterload_rt2                        0x08000191   Thumb Code    44  __scatter.o(!!!scatter)
    __scatterload_rt2_thumb_only             0x08000191   Thumb Code     0  __scatter.o(!!!scatter)
    __scatterload_null                       0x0800019f   Thumb Code     0  __scatter.o(!!!scatter)
    __scatterload_copy                       0x080001c5   Thumb Code    26  __scatter_copy.o(!!handler_copy)
    __scatterload_zeroinit                   0x080001e1   Thumb Code    28  __scatter_zi.o(!!handler_zi)
    __rt_lib_init                            0x080001fd   Thumb Code     0  libinit.o(.ARM.Collect$$libinit$$00000000)
    __rt_lib_init_fp_1                       0x080001ff   Thumb Code     0  libinit2.o(.ARM.Collect$$libinit$$00000001)
    __rt_lib_init_alloca_1                   0x08000203   Thumb Code     0  libinit2.o(.ARM.Collect$$libinit$$0000002E)
    __rt_lib_init_argv_1                     0x08000203   Thumb Code     0  libinit2.o(.ARM.Collect$$libinit$$0000002C)
    __rt_lib_init_atexit_1                   0x08000203   Thumb Code     0  libinit2.o(.ARM.Collect$$libinit$$0000001B)
    __rt_lib_init_clock_1                    0x08000203   Thumb Code     0  libinit2.o(.ARM.Collect$$libinit$$00000021)
    __rt_lib_init_cpp_1                      0x08000203   Thumb Code     0  libinit2.o(.ARM.Collect$$libinit$$00000032)
    __rt_lib_init_exceptions_1               0x08000203   Thumb Code     0  libinit2.o(.ARM.Collect$$libinit$$00000030)
    __rt_lib_init_fp_trap_1                  0x08000203   Thumb Code     0  libinit2.o(.ARM.Collect$$libinit$$0000001F)
    __rt_lib_init_getenv_1                   0x08000203   Thumb Code     0  libinit2.o(.ARM.Collect$$libinit$$00000023)
    __rt_lib_init_heap_1                     0x08000203   Thumb Code     0  libinit2.o(.ARM.Collect$$libinit$$0000000A)
    __rt_lib_init_lc_collate_1               0x08000203   Thumb Code     0  libinit2.o(.ARM.Collect$$libinit$$00000011)
    __rt_lib_init_lc_ctype_1                 0x08000203   Thumb Code     0  libinit2.o(.ARM.Collect$$libinit$$00000013)
    __rt_lib_init_lc_monetary_1              0x08000203   Thumb Code     0  libinit2.o(.ARM.Collect$$libinit$$00000015)
    __rt_lib_init_lc_numeric_1               0x08000203   Thumb Code     0  libinit2.o(.ARM.Collect$$libinit$$00000017)
    __rt_lib_init_lc_time_1                  0x08000203   Thumb Code     0  libinit2.o(.ARM.Collect$$libinit$$00000019)
    __rt_lib_init_preinit_1                  0x08000203   Thumb Code     0  libinit2.o(.ARM.Collect$$libinit$$00000004)
    __rt_lib_init_rand_1                     0x08000203   Thumb Code     0  libinit2.o(.ARM.Collect$$libinit$$0000000E)
    __rt_lib_init_return                     0x08000203   Thumb Code     0  libinit2.o(.ARM.Collect$$libinit$$00000033)
    __rt_lib_init_signal_1                   0x08000203   Thumb Code     0  libinit2.o(.ARM.Collect$$libinit$$0000001D)
    __rt_lib_init_stdio_1                    0x08000203   Thumb Code     0  libinit2.o(.ARM.Collect$$libinit$$00000025)
    __rt_lib_init_user_alloc_1               0x08000203   Thumb Code     0  libinit2.o(.ARM.Collect$$libinit$$0000000C)
    __rt_lib_shutdown                        0x08000205   Thumb Code     0  libshutdown.o(.ARM.Collect$$libshutdown$$00000000)
    __rt_lib_shutdown_cpp_1                  0x08000207   Thumb Code     0  libshutdown2.o(.ARM.Collect$$libshutdown$$00000002)
    __rt_lib_shutdown_fp_trap_1              0x08000207   Thumb Code     0  libshutdown2.o(.ARM.Collect$$libshutdown$$00000007)
    __rt_lib_shutdown_heap_1                 0x08000207   Thumb Code     0  libshutdown2.o(.ARM.Collect$$libshutdown$$0000000F)
    __rt_lib_shutdown_return                 0x08000207   Thumb Code     0  libshutdown2.o(.ARM.Collect$$libshutdown$$00000010)
    __rt_lib_shutdown_signal_1               0x08000207   Thumb Code     0  libshutdown2.o(.ARM.Collect$$libshutdown$$0000000A)
    __rt_lib_shutdown_stdio_1                0x08000207   Thumb Code     0  libshutdown2.o(.ARM.Collect$$libshutdown$$00000004)
    __rt_lib_shutdown_user_alloc_1           0x08000207   Thumb Code     0  libshutdown2.o(.ARM.Collect$$libshutdown$$0000000C)
    __rt_entry                               0x08000209   Thumb Code     0  __rtentry.o(.ARM.Collect$$rtentry$$00000000)
    __rt_entry_presh_1                       0x08000209   Thumb Code     0  __rtentry2.o(.ARM.Collect$$rtentry$$00000002)
    __rt_entry_sh                            0x08000209   Thumb Code     0  __rtentry4.o(.ARM.Collect$$rtentry$$00000004)
    __rt_entry_li                            0x0800020f   Thumb Code     0  __rtentry2.o(.ARM.Collect$$rtentry$$0000000A)
    __rt_entry_postsh_1                      0x0800020f   Thumb Code     0  __rtentry2.o(.ARM.Collect$$rtentry$$00000009)
    __rt_entry_postli_1                      0x08000213   Thumb Code     0  __rtentry2.o(.ARM.Collect$$rtentry$$0000000B)
    __rt_entry_main                          0x0800021b   Thumb Code     0  __rtentry2.o(.ARM.Collect$$rtentry$$0000000D)
    __rt_exit                                0x08000223   Thumb Code     0  rtexit.o(.ARM.Collect$$rtexit$$00000000)
    __rt_exit_ls                             0x08000225   Thumb Code     0  rtexit2.o(.ARM.Collect$$rtexit$$00000003)
    __rt_exit_prels_1                        0x08000225   Thumb Code     0  rtexit2.o(.ARM.Collect$$rtexit$$00000002)
    __rt_exit_exit                           0x08000229   Thumb Code     0  rtexit2.o(.ARM.Collect$$rtexit$$00000004)
    _platform_post_lib_init                  0x08000231   Thumb Code    24  rtx_conf_cm.o(.emb_text)
    rt_set_PSP                               0x0800024d   Thumb Code     6  hal_cm4.o(.emb_text)
    rt_get_PSP                               0x08000253   Thumb Code     6  hal_cm4.o(.emb_text)
    os_set_env                               0x08000259   Thumb Code    24  hal_cm4.o(.emb_text)
    _alloc_box                               0x08000275   Thumb Code    28  hal_cm4.o(.emb_text)
    _free_box                                0x08000295   Thumb Code    28  hal_cm4.o(.emb_text)
    SVC_Handler                              0x080002b5   Thumb Code   168  hal_cm4.o(.emb_text)
    PendSV_Handler                           0x0800036d   Thumb Code    96  hal_cm4.o(.emb_text)
    SysTick_Handler                          0x080003d1   Thumb Code     8  hal_cm4.o(.emb_text)
    OS_Tick_Handler                          0x080003d9   Thumb Code    12  hal_cm4.o(.emb_text)
    Reset_Handler                            0x080003e5   Thumb Code     8  startup_stm32f407xx.o(.text)
    ADC_IRQHandler                           0x080003ff   Thumb Code     0  startup_stm32f407xx.o(.text)
    CAN1_RX0_IRQHandler                      0x080003ff   Thumb Code     0  startup_stm32f407xx.o(.text)
    CAN1_RX1_IRQHandler                      0x080003ff   Thumb Code     0  startup_stm32f407xx.o(.text)
    CAN1_SCE_IRQHandler                      0x080003ff   Thumb Code     0  startup_stm32f407xx.o(.text)
    CAN1_TX_IRQHandler                       0x080003ff   Thumb Code     0  startup_stm32f407xx.o(.text)
    CAN2_RX0_IRQHandler                      0x080003ff   Thumb Code     0  startup_stm32f407xx.o(.text)
    CAN2_RX1_IRQHandler                      0x080003ff   Thumb Code     0  startup_stm32f407xx.o(.text)
    CAN2_SCE_IRQHandler                      0x080003ff   Thumb Code     0  startup_stm32f407xx.o(.text)
    CAN2_TX_IRQHandler                       0x080003ff   Thumb Code     0  startup_stm32f407xx.o(.text)
    DCMI_IRQHandler                          0x080003ff   Thumb Code     0  startup_stm32f407xx.o(.text)
    DMA1_Stream0_IRQHandler                  0x080003ff   Thumb Code     0  startup_stm32f407xx.o(.text)
    DMA1_Stream1_IRQHandler                  0x080003ff   Thumb Code     0  startup_stm32f407xx.o(.text)
    DMA1_Stream2_IRQHandler                  0x080003ff   Thumb Code     0  startup_stm32f407xx.o(.text)
    DMA1_Stream4_IRQHandler                  0x080003ff   Thumb Code     0  startup_stm32f407xx.o(.text)
    DMA1_Stream5_IRQHandler                  0x080003ff   Thumb Code     0  startup_stm32f407xx.o(.text)
    DMA1_Stream6_IRQHandler                  0x080003ff   Thumb Code     0  startup_stm32f407xx.o(.text)
    DMA2_Stream0_IRQHandler                  0x080003ff   Thumb Code     0  startup_stm32f407xx.o(.text)
    DMA2_Stream1_IRQHandler                  0x080003ff   Thumb Code     0  startup_stm32f407xx.o(.text)
    DMA2_Stream2_IRQHandler                  0x080003ff   Thumb Code     0  startup_stm32f407xx.o(.text)
    DMA2_Stream3_IRQHandler                  0x080003ff   Thumb Code     0  startup_stm32f407xx.o(.text)
    DMA2_Stream4_IRQHandler                  0x080003ff   Thumb Code     0  startup_stm32f407xx.o(.text)
    DMA2_Stream5_IRQHandler                  0x080003ff   Thumb Code     0  startup_stm32f407xx.o(.text)
    DMA2_Stream6_IRQHandler                  0x080003ff   Thumb Code     0  startup_stm32f407xx.o(.text)
    DMA2_Stream7_IRQHandler                  0x080003ff   Thumb Code     0  startup_stm32f407xx.o(.text)
    ETH_IRQHandler                           0x080003ff   Thumb Code     0  startup_stm32f407xx.o(.text)
    ETH_WKUP_IRQHandler                      0x080003ff   Thumb Code     0  startup_stm32f407xx.o(.text)
    EXTI15_10_IRQHandler                     0x080003ff   Thumb Code     0  startup_stm32f407xx.o(.text)
    EXTI2_IRQHandler                         0x080003ff   Thumb Code     0  startup_stm32f407xx.o(.text)
    EXTI3_IRQHandler                         0x080003ff   Thumb Code     0  startup_stm32f407xx.o(.text)
    EXTI4_IRQHandler                         0x080003ff   Thumb Code     0  startup_stm32f407xx.o(.text)
    EXTI9_5_IRQHandler                       0x080003ff   Thumb Code     0  startup_stm32f407xx.o(.text)
    FLASH_IRQHandler                         0x080003ff   Thumb Code     0  startup_stm32f407xx.o(.text)
    FMC_IRQHandler                           0x080003ff   Thumb Code     0  startup_stm32f407xx.o(.text)
    FPU_IRQHandler                           0x080003ff   Thumb Code     0  startup_stm32f407xx.o(.text)
    HASH_RNG_IRQHandler                      0x080003ff   Thumb Code     0  startup_stm32f407xx.o(.text)
    I2C1_ER_IRQHandler                       0x080003ff   Thumb Code     0  startup_stm32f407xx.o(.text)
    I2C1_EV_IRQHandler                       0x080003ff   Thumb Code     0  startup_stm32f407xx.o(.text)
    I2C2_ER_IRQHandler                       0x080003ff   Thumb Code     0  startup_stm32f407xx.o(.text)
    I2C2_EV_IRQHandler                       0x080003ff   Thumb Code     0  startup_stm32f407xx.o(.text)
    I2C3_ER_IRQHandler                       0x080003ff   Thumb Code     0  startup_stm32f407xx.o(.text)
    I2C3_EV_IRQHandler                       0x080003ff   Thumb Code     0  startup_stm32f407xx.o(.text)
    OTG_FS_WKUP_IRQHandler                   0x080003ff   Thumb Code     0  startup_stm32f407xx.o(.text)
    OTG_HS_EP1_IN_IRQHandler                 0x080003ff   Thumb Code     0  startup_stm32f407xx.o(.text)
    OTG_HS_EP1_OUT_IRQHandler                0x080003ff   Thumb Code     0  startup_stm32f407xx.o(.text)
    OTG_HS_IRQHandler                        0x080003ff   Thumb Code     0  startup_stm32f407xx.o(.text)
    OTG_HS_WKUP_IRQHandler                   0x080003ff   Thumb Code     0  startup_stm32f407xx.o(.text)
    PVD_IRQHandler                           0x080003ff   Thumb Code     0  startup_stm32f407xx.o(.text)
    RCC_IRQHandler                           0x080003ff   Thumb Code     0  startup_stm32f407xx.o(.text)
    RTC_Alarm_IRQHandler                     0x080003ff   Thumb Code     0  startup_stm32f407xx.o(.text)
    RTC_WKUP_IRQHandler                      0x080003ff   Thumb Code     0  startup_stm32f407xx.o(.text)
    SDIO_IRQHandler                          0x080003ff   Thumb Code     0  startup_stm32f407xx.o(.text)
    SPI1_IRQHandler                          0x080003ff   Thumb Code     0  startup_stm32f407xx.o(.text)
    SPI2_IRQHandler                          0x080003ff   Thumb Code     0  startup_stm32f407xx.o(.text)
    SPI3_IRQHandler                          0x080003ff   Thumb Code     0  startup_stm32f407xx.o(.text)
    TAMP_STAMP_IRQHandler                    0x080003ff   Thumb Code     0  startup_stm32f407xx.o(.text)
    TIM1_BRK_TIM9_IRQHandler                 0x080003ff   Thumb Code     0  startup_stm32f407xx.o(.text)
    TIM1_CC_IRQHandler                       0x080003ff   Thumb Code     0  startup_stm32f407xx.o(.text)
    TIM1_TRG_COM_TIM11_IRQHandler            0x080003ff   Thumb Code     0  startup_stm32f407xx.o(.text)
    TIM1_UP_TIM10_IRQHandler                 0x080003ff   Thumb Code     0  startup_stm32f407xx.o(.text)
    TIM2_IRQHandler                          0x080003ff   Thumb Code     0  startup_stm32f407xx.o(.text)
    TIM3_IRQHandler                          0x080003ff   Thumb Code     0  startup_stm32f407xx.o(.text)
    TIM4_IRQHandler                          0x080003ff   Thumb Code     0  startup_stm32f407xx.o(.text)
    TIM5_IRQHandler                          0x080003ff   Thumb Code     0  startup_stm32f407xx.o(.text)
    TIM6_DAC_IRQHandler                      0x080003ff   Thumb Code     0  startup_stm32f407xx.o(.text)
    TIM7_IRQHandler                          0x080003ff   Thumb Code     0  startup_stm32f407xx.o(.text)
    TIM8_BRK_TIM12_IRQHandler                0x080003ff   Thumb Code     0  startup_stm32f407xx.o(.text)
    TIM8_CC_IRQHandler                       0x080003ff   Thumb Code     0  startup_stm32f407xx.o(.text)
    TIM8_TRG_COM_TIM14_IRQHandler            0x080003ff   Thumb Code     0  startup_stm32f407xx.o(.text)
    TIM8_UP_TIM13_IRQHandler                 0x080003ff   Thumb Code     0  startup_stm32f407xx.o(.text)
    UART5_IRQHandler                         0x080003ff   Thumb Code     0  startup_stm32f407xx.o(.text)
    USART1_IRQHandler                        0x080003ff   Thumb Code     0  startup_stm32f407xx.o(.text)
    USART2_IRQHandler                        0x080003ff   Thumb Code     0  startup_stm32f407xx.o(.text)
    USART3_IRQHandler                        0x080003ff   Thumb Code     0  startup_stm32f407xx.o(.text)
    USART6_IRQHandler                        0x080003ff   Thumb Code     0  startup_stm32f407xx.o(.text)
    WWDG_IRQHandler                          0x080003ff   Thumb Code     0  startup_stm32f407xx.o(.text)
    __user_initial_stackheap                 0x08000401   Thumb Code     0  startup_stm32f407xx.o(.text)
    __user_libspace                          0x08000425   Thumb Code     8  libspace.o(.text)
    __user_perproc_libspace                  0x08000425   Thumb Code     0  libspace.o(.text)
    exit                                     0x0800042d   Thumb Code    18  exit.o(.text)
    __aeabi_memclr4                          0x0800043f   Thumb Code     0  rt_memclr_w.o(.text)
    __aeabi_memclr8                          0x0800043f   Thumb Code     0  rt_memclr_w.o(.text)
    __rt_memclr_w                            0x0800043f   Thumb Code    78  rt_memclr_w.o(.text)
    _memset_w                                0x08000443   Thumb Code     0  rt_memclr_w.o(.text)
    strcmp                                   0x0800048d   Thumb Code   128  strcmpv7m.o(.text)
    __use_two_region_memory                  0x0800050d   Thumb Code     2  heapauxi.o(.text)
    __rt_heap_escrow                         0x0800050f   Thumb Code     2  heapauxi.o(.text)
    __rt_heap_expand                         0x08000511   Thumb Code     2  heapauxi.o(.text)
    _sys_exit                                0x08000515   Thumb Code     8  sys_exit.o(.text)
    __user_setup_stackheap                   0x08000521   Thumb Code    74  sys_stackheap_outer.o(.text)
    __I$use$semihosting                      0x0800056b   Thumb Code     0  use_no_semi.o(.text)
    __use_no_semihosting_swi                 0x0800056b   Thumb Code     2  use_no_semi.o(.text)
    SVC_Count                                0x0800056c   Data           4  svc_table.o(SVC_TABLE)
    __semihosting_library_function           0x0800056d   Thumb Code     0  indicate_semi.o(.text)
    BusFault_Handler                         0x08000571   Thumb Code     4  stm32f4xx_it.o(i.BusFault_Handler)
    SVC_Table                                0x08000570   Data           0  svc_table.o(SVC_TABLE)
    DMA1_Stream3_IRQHandler                  0x08000575   Thumb Code    12  stm32f4xx_it.o(i.DMA1_Stream3_IRQHandler)
    DMA1_Stream7_IRQHandler                  0x08000585   Thumb Code    12  stm32f4xx_it.o(i.DMA1_Stream7_IRQHandler)
    DebugMon_Handler                         0x08000595   Thumb Code     2  stm32f4xx_it.o(i.DebugMon_Handler)
    EXTI0_IRQHandler                         0x08000597   Thumb Code    10  stm32f4xx_it.o(i.EXTI0_IRQHandler)
    EXTI1_IRQHandler                         0x080005a1   Thumb Code    10  stm32f4xx_it.o(i.EXTI1_IRQHandler)
    HAL_DMA_Abort                            0x08000735   Thumb Code   170  stm32f4xx_hal_dma.o(i.HAL_DMA_Abort)
    HAL_DMA_IRQHandler                       0x080007e1   Thumb Code   574  stm32f4xx_hal_dma.o(i.HAL_DMA_IRQHandler)
    HAL_GPIO_DeInit                          0x08000a29   Thumb Code   326  stm32f4xx_hal_gpio.o(i.HAL_GPIO_DeInit)
    HAL_GPIO_EXTI_Callback                   0x08000b9d   Thumb Code     2  stm32f4xx_hal_gpio.o(i.HAL_GPIO_EXTI_Callback)
    HAL_GPIO_EXTI_IRQHandler                 0x08000ba1   Thumb Code    24  stm32f4xx_hal_gpio.o(i.HAL_GPIO_EXTI_IRQHandler)
    HAL_GPIO_Init                            0x08000bbd   Thumb Code   476  stm32f4xx_hal_gpio.o(i.HAL_GPIO_Init)
    HAL_GPIO_ReadPin                         0x08000dc9   Thumb Code    16  stm32f4xx_hal_gpio.o(i.HAL_GPIO_ReadPin)
    HAL_GPIO_WritePin                        0x08000dd9   Thumb Code    12  stm32f4xx_hal_gpio.o(i.HAL_GPIO_WritePin)
    HAL_GetREVID                             0x08000de5   Thumb Code     8  stm32f4xx_hal.o(i.HAL_GetREVID)
    HAL_GetTick                              0x08000df1   Thumb Code     6  main.o(i.HAL_GetTick)
    HAL_Init                                 0x08000dfd   Thumb Code    54  stm32f4xx_hal.o(i.HAL_Init)
    HAL_InitTick                             0x08000e39   Thumb Code    36  stm32f4xx_hal.o(i.HAL_InitTick)
    HAL_MspInit                              0x08000e61   Thumb Code     2  stm32f4xx_hal.o(i.HAL_MspInit)
    HAL_NVIC_DisableIRQ                      0x08000e65   Thumb Code    30  stm32f4xx_hal_cortex.o(i.HAL_NVIC_DisableIRQ)
    HAL_NVIC_SetPriority                     0x08000e89   Thumb Code   124  stm32f4xx_hal_cortex.o(i.HAL_NVIC_SetPriority)
    HAL_NVIC_SetPriorityGrouping             0x08000f05   Thumb Code    32  stm32f4xx_hal_cortex.o(i.HAL_NVIC_SetPriorityGrouping)
    HAL_RCC_ClockConfig                      0x08000f2d   Thumb Code   446  stm32f4xx_hal_rcc.o(i.HAL_RCC_ClockConfig)
    HAL_RCC_GetHCLKFreq                      0x080010fd   Thumb Code     6  stm32f4xx_hal_rcc.o(i.HAL_RCC_GetHCLKFreq)
    HAL_RCC_GetPCLK1Freq                     0x08001109   Thumb Code    36  stm32f4xx_hal_rcc.o(i.HAL_RCC_GetPCLK1Freq)
    HAL_RCC_GetSysClockFreq                  0x08001135   Thumb Code   168  stm32f4xx_hal_rcc.o(i.HAL_RCC_GetSysClockFreq)
    HAL_RCC_OscConfig                        0x080011e9   Thumb Code   906  stm32f4xx_hal_rcc.o(i.HAL_RCC_OscConfig)
    HAL_SYSTICK_Config                       0x08001585   Thumb Code    52  stm32f4xx_hal_cortex.o(i.HAL_SYSTICK_Config)
    HardFault_Handler                        0x080015b9   Thumb Code     4  stm32f4xx_it.o(i.HardFault_Handler)
    Indexing                                 0x080015bd   Thumb Code     2  thread.o(i.Indexing)
    Init_Thread                              0x080015c1   Thumb Code    94  thread.o(i.Init_Thread)
    LED_Initialize                           0x08001641   Thumb Code    68  led_f4discovery.o(i.LED_Initialize)
    LED_Off                                  0x0800168d   Thumb Code    28  led_f4discovery.o(i.LED_Off)
    LED_On                                   0x080016ad   Thumb Code    28  led_f4discovery.o(i.LED_On)
    MemManage_Handler                        0x080016cd   Thumb Code     4  stm32f4xx_it.o(i.MemManage_Handler)
    NMI_Handler                              0x080016d1   Thumb Code     2  stm32f4xx_it.o(i.NMI_Handler)
    OTG_FS_IRQHandler                        0x080016d3   Thumb Code    26  otg_fs_stm32f4xx.o(i.OTG_FS_IRQHandler)
    Playing                                  0x080016ed   Thumb Code     2  thread.o(i.Playing)
    SDCO                                     0x080016ef   Thumb Code     2  thread.o(i.SDCO)
    SystemInit                               0x080017b1   Thumb Code    82  system_stm32f4xx.o(i.SystemInit)
    Thread                                   0x08001815   Thumb Code    64  thread.o(i.Thread)
    UART4_IRQHandler                         0x0800185d   Thumb Code    10  usart_stm32f4xx.o(i.UART4_IRQHandler)
    UART_Init                                0x0800186d   Thumb Code   150  uart_driver.o(i.UART_Init)
    UART_receive                             0x0800192d   Thumb Code    50  uart_driver.o(i.UART_receive)
    USART_IRQHandler                         0x080023f7   Thumb Code   626  usart_stm32f4xx.o(i.USART_IRQHandler)
    USART_callback                           0x08002d59   Thumb Code    72  uart_driver.o(i.USART_callback)
    USBH_FS_IRQ                              0x08002dc9   Thumb Code  1060  usbh_fs_stm32f4xx.o(i.USBH_FS_IRQ)
    UsageFault_Handler                       0x080033e1   Thumb Code     4  stm32f4xx_it.o(i.UsageFault_Handler)
    _init_box                                0x08003455   Thumb Code    70  rt_membox.o(i._init_box)
    _mutex_acquire                           0x0800349d   Thumb Code    22  rtx_conf_cm.o(i._mutex_acquire)
    _mutex_release                           0x080034bd   Thumb Code    18  rtx_conf_cm.o(i._mutex_release)
    dbg_init                                 0x080034d9   Thumb Code    34  hal_cm.o(i.dbg_init)
    dbg_task_notify                          0x08003509   Thumb Code    32  hal_cm.o(i.dbg_task_notify)
    dbg_task_switch                          0x08003529   Thumb Code    16  hal_cm.o(i.dbg_task_switch)
    isrMessageGet                            0x08003539   Thumb Code    42  rt_cmsis.o(i.isrMessageGet)
    isrMessagePut                            0x08003563   Thumb Code    44  rt_cmsis.o(i.isrMessagePut)
    isrSemaphoreRelease                      0x0800358f   Thumb Code    40  rt_cmsis.o(i.isrSemaphoreRelease)
    isr_mbx_receive                          0x080035b9   Thumb Code    86  rt_mailbox.o(i.isr_mbx_receive)
    isr_mbx_send                             0x0800360f   Thumb Code    14  rt_mailbox.o(i.isr_mbx_send)
    isr_sem_send                             0x0800361d   Thumb Code    16  rt_semaphore.o(i.isr_sem_send)
    main                                     0x0800362d   Thumb Code    30  main.o(i.main)
    osKernelInitialize                       0x0800364d   Thumb Code    30  rt_cmsis.o(i.osKernelInitialize)
    osKernelStart                            0x08003671   Thumb Code    98  rt_cmsis.o(i.osKernelStart)
    osMessageGet                             0x080036dd   Thumb Code    18  rt_cmsis.o(i.osMessageGet)
    osSemaphoreCreate                        0x080036f5   Thumb Code    38  rt_cmsis.o(i.osSemaphoreCreate)
    osSemaphoreRelease                       0x08003725   Thumb Code    18  rt_cmsis.o(i.osSemaphoreRelease)
    osSemaphoreWait                          0x0800373d   Thumb Code    20  rt_cmsis.o(i.osSemaphoreWait)
    osThreadCreate                           0x08003755   Thumb Code    38  rt_cmsis.o(i.osThreadCreate)
    osThreadExit                             0x08003785   Thumb Code    14  rt_cmsis.o(i.osThreadExit)
    osTimerCall                              0x0800379d   Thumb Code     8  rt_cmsis.o(i.osTimerCall)
    osTimerThread                            0x080037a9   Thumb Code    38  rt_cmsis.o(i.osTimerThread)
    os_error                                 0x080037d5   Thumb Code    34  rtx_conf_cm.o(i.os_error)
    os_idle_demon                            0x080037f7   Thumb Code     4  rtx_conf_cm.o(i.os_idle_demon)
    os_tick_init                             0x080037fd   Thumb Code    32  rt_system.o(i.os_tick_init)
    os_tick_irqack                           0x08003825   Thumb Code     2  rt_system.o(i.os_tick_irqack)
    rt_alloc_box                             0x08003827   Thumb Code    26  rt_membox.o(i.rt_alloc_box)
    rt_alloc_mem                             0x08003841   Thumb Code    62  rt_memory.o(i.rt_alloc_mem)
    rt_block                                 0x08003881   Thumb Code    48  rt_task.o(i.rt_block)
    rt_chk_robin                             0x080038b9   Thumb Code     2  rtx_conf_cm.o(i.rt_chk_robin)
    rt_dec_dly                               0x080038bd   Thumb Code   102  rt_list.o(i.rt_dec_dly)
    rt_dispatch                              0x0800392d   Thumb Code    60  rt_task.o(i.rt_dispatch)
    rt_evt_psh                               0x08003971   Thumb Code    76  rt_event.o(i.rt_evt_psh)
    rt_free_box                              0x080039c1   Thumb Code    44  rt_membox.o(i.rt_free_box)
    rt_free_mem                              0x080039ed   Thumb Code    40  rt_memory.o(i.rt_free_mem)
    rt_get_first                             0x08003a15   Thumb Code    40  rt_list.o(i.rt_get_first)
    rt_init_mem                              0x08003a8d   Thumb Code    26  rt_memory.o(i.rt_init_mem)
    rt_init_robin                            0x08003aa7   Thumb Code     2  rtx_conf_cm.o(i.rt_init_robin)
    rt_init_stack                            0x08003aa9   Thumb Code   118  hal_cm.o(i.rt_init_stack)
    rt_mbx_check                             0x08003b29   Thumb Code     8  rt_mailbox.o(i.rt_mbx_check)
    rt_mbx_init                              0x08003b31   Thumb Code    26  rt_mailbox.o(i.rt_mbx_init)
    rt_mbx_psh                               0x08003b4d   Thumb Code   236  rt_mailbox.o(i.rt_mbx_psh)
    rt_mbx_wait                              0x08003c3d   Thumb Code   174  rt_mailbox.o(i.rt_mbx_wait)
    rt_mut_release                           0x08003d35   Thumb Code   208  rt_mutex.o(i.rt_mut_release)
    rt_mut_wait                              0x08003e0d   Thumb Code   100  rt_mutex.o(i.rt_mut_wait)
    rt_pop_req                               0x08003e75   Thumb Code   112  rt_system.o(i.rt_pop_req)
    rt_psh_req                               0x08003ef1   Thumb Code    22  rt_system.o(i.rt_psh_req)
    rt_psq_enq                               0x08003f11   Thumb Code    88  rt_list.o(i.rt_psq_enq)
    rt_put_dly                               0x08003f6d   Thumb Code    68  rt_list.o(i.rt_put_dly)
    rt_put_prio                              0x08003fb5   Thumb Code    54  rt_list.o(i.rt_put_prio)
    rt_put_rdy_first                         0x08003fed   Thumb Code    14  rt_list.o(i.rt_put_rdy_first)
    rt_resort_prio                           0x08004001   Thumb Code    46  rt_list.o(i.rt_resort_prio)
    rt_ret_val                               0x08004045   Thumb Code    12  hal_cm.o(i.rt_ret_val)
    rt_ret_val2                              0x08004051   Thumb Code    16  hal_cm.o(i.rt_ret_val2)
    rt_rmv_dly                               0x08004061   Thumb Code    40  rt_list.o(i.rt_rmv_dly)
    rt_rmv_list                              0x08004089   Thumb Code    44  rt_list.o(i.rt_rmv_list)
    rt_sem_init                              0x080040b9   Thumb Code    12  rt_semaphore.o(i.rt_sem_init)
    rt_sem_psh                               0x080040c5   Thumb Code    48  rt_semaphore.o(i.rt_sem_psh)
    rt_sem_send                              0x080040f9   Thumb Code    42  rt_semaphore.o(i.rt_sem_send)
    rt_sem_wait                              0x08004125   Thumb Code    58  rt_semaphore.o(i.rt_sem_wait)
    rt_stk_check                             0x08004165   Thumb Code    28  rt_system.o(i.rt_stk_check)
    rt_switch_req                            0x08004189   Thumb Code    30  rt_task.o(i.rt_switch_req)
    rt_sys_init                              0x080041b1   Thumb Code   138  rt_task.o(i.rt_sys_init)
    rt_sys_start                             0x0800427d   Thumb Code   110  rt_task.o(i.rt_sys_start)
    rt_systick                               0x080042f5   Thumb Code    50  rt_system.o(i.rt_systick)
    rt_tsk_create                            0x0800437d   Thumb Code   118  rt_task.o(i.rt_tsk_create)
    rt_tsk_delete                            0x08004405   Thumb Code   352  rt_task.o(i.rt_tsk_delete)
    rt_tsk_prio                              0x08004581   Thumb Code   108  rt_task.o(i.rt_tsk_prio)
    rt_tsk_self                              0x080045fd   Thumb Code    12  rt_task.o(i.rt_tsk_self)
    svcKernelInitialize                      0x0800460d   Thumb Code    80  rt_cmsis.o(i.svcKernelInitialize)
    svcKernelStart                           0x0800467d   Thumb Code    62  rt_cmsis.o(i.svcKernelStart)
    svcMessageCreate                         0x080046c5   Thumb Code    36  rt_cmsis.o(i.svcMessageCreate)
    svcMessageGet                            0x080046e9   Thumb Code    58  rt_cmsis.o(i.svcMessageGet)
    svcSemaphoreCreate                       0x08004723   Thumb Code    36  rt_cmsis.o(i.svcSemaphoreCreate)
    svcSemaphoreRelease                      0x08004747   Thumb Code    40  rt_cmsis.o(i.svcSemaphoreRelease)
    svcSemaphoreWait                         0x0800476f   Thumb Code    50  rt_cmsis.o(i.svcSemaphoreWait)
    svcThreadCreate                          0x080047a1   Thumb Code   100  rt_cmsis.o(i.svcThreadCreate)
    svcThreadGetId                           0x08004811   Thumb Code    22  rt_cmsis.o(i.svcThreadGetId)
    svcThreadTerminate                       0x0800482d   Thumb Code    50  rt_cmsis.o(i.svcThreadTerminate)
    svcTimerCall                             0x08004865   Thumb Code    24  rt_cmsis.o(i.svcTimerCall)
    sysTimerTick                             0x0800487d   Thumb Code    84  rt_cmsis.o(i.sysTimerTick)
    _fp_init                                 0x080048d9   Thumb Code    10  fpinit.o(x$fpl$fpinit)
    __fplib_config_fpu_vfp                   0x080048e1   Thumb Code     0  fpinit.o(x$fpl$fpinit)
    __fplib_config_pureend_doubles           0x080048e1   Thumb Code     0  fpinit.o(x$fpl$fpinit)
    os_thread_def_Thread                     0x080048e4   Data          16  thread.o(.constdata)
    os_thread_def_SDCO                       0x080048f4   Data          16  thread.o(.constdata)
    os_thread_def_Indexing                   0x08004904   Data          16  thread.o(.constdata)
    os_thread_def_Playing                    0x08004914   Data          16  thread.o(.constdata)
    os_semaphore_def_UART_SEM_Send_block     0x08004924   Data           4  uart_driver.o(.constdata)
    os_semaphore_def_UART_SEM_Send           0x08004928   Data           4  uart_driver.o(.constdata)
    os_semaphore_def_UART_SEM_Rec_block      0x0800492c   Data           4  uart_driver.o(.constdata)
    os_semaphore_def_UART_SEM_Rec            0x08004930   Data           4  uart_driver.o(.constdata)
    os_maxtaskrun                            0x08004954   Data           2  rtx_conf_cm.o(.constdata)
    os_stackinfo                             0x08004958   Data           4  rtx_conf_cm.o(.constdata)
    os_rrobin                                0x0800495c   Data           4  rtx_conf_cm.o(.constdata)
    os_tickfreq                              0x08004960   Data           4  rtx_conf_cm.o(.constdata)
    os_tickus_i                              0x08004964   Data           2  rtx_conf_cm.o(.constdata)
    os_tickus_f                              0x08004966   Data           2  rtx_conf_cm.o(.constdata)
    os_trv                                   0x08004968   Data           4  rtx_conf_cm.o(.constdata)
    os_flags                                 0x0800496c   Data           1  rtx_conf_cm.o(.constdata)
    CMSIS_RTOS_API_Version                   0x08004970   Data           4  rtx_conf_cm.o(.constdata)
    CMSIS_RTOS_RTX_Version                   0x08004974   Data           4  rtx_conf_cm.o(.constdata)
    os_clockrate                             0x08004978   Data           4  rtx_conf_cm.o(.constdata)
    os_timernum                              0x0800497c   Data           4  rtx_conf_cm.o(.constdata)
    mp_tcb_size                              0x08004980   Data           2  rtx_conf_cm.o(.constdata)
    mp_stk_size                              0x08004984   Data           4  rtx_conf_cm.o(.constdata)
    os_stack_sz                              0x08004988   Data           4  rtx_conf_cm.o(.constdata)
    os_fifo_size                             0x0800498c   Data           1  rtx_conf_cm.o(.constdata)
    os_thread_def_osTimerThread              0x08004990   Data          16  rtx_conf_cm.o(.constdata)
    os_messageQ_def_osTimerMessageQ          0x080049a0   Data           8  rtx_conf_cm.o(.constdata)
    mp_tmr_size                              0x080049a8   Data           2  rtx_conf_cm.o(.constdata)
    os_thread_def_main                       0x080049ac   Data          16  rtx_conf_cm.o(.constdata)
    Driver_USART4                            0x08004a04   Data          56  usart_stm32f4xx.o(.constdata)
    APBAHBPrescTable                         0x08004a3c   Data          16  stm32f4xx_hal_rcc.o(.constdata)
    Region$$Table$$Base                      0x08004a4c   Number         0  anon$$obj.o(Region$$Table)
    Region$$Table$$Limit                     0x08004a6c   Number         0  anon$$obj.o(Region$$Table)
    f                                        0x20000000   Data           4  thread.o(.data)
    tid_Thread                               0x20000004   Data           4  thread.o(.data)
    tid_SDCO                                 0x20000008   Data           4  thread.o(.data)
    tid_Indexing                             0x2000000c   Data           4  thread.o(.data)
    tid_Playing                              0x20000010   Data           4  thread.o(.data)
    state                                    0x20000014   Data           4  thread.o(.data)
    sid_UART_SEM_Send_block                  0x20000018   Data           4  uart_driver.o(.data)
    os_semaphore_cb_UART_SEM_Send_block      0x2000001c   Data           8  uart_driver.o(.data)
    sid_UART_SEM_Send                        0x20000024   Data           4  uart_driver.o(.data)
    os_semaphore_cb_UART_SEM_Send            0x20000028   Data           8  uart_driver.o(.data)
    sid_UART_SEM_Rec_block                   0x20000030   Data           4  uart_driver.o(.data)
    os_semaphore_cb_UART_SEM_Rec_block       0x20000034   Data           8  uart_driver.o(.data)
    sid_UART_SEM_Rec                         0x2000003c   Data           4  uart_driver.o(.data)
    os_semaphore_cb_UART_SEM_Rec             0x20000040   Data           8  uart_driver.o(.data)
    osThreadId_osTimerThread                 0x20000048   Data           4  rtx_conf_cm.o(.data)
    osMessageQId_osTimerMessageQ             0x2000004c   Data           4  rtx_conf_cm.o(.data)
    os_tmr                                   0x20000050   Data           4  rtx_conf_cm.o(.data)
    m_tmr                                    0x20000054   Data           4  rtx_conf_cm.o(.data)
    SystemCoreClock                          0x20000088   Data           4  system_stm32f4xx.o(.data)
    os_initialized                           0x2000008c   Data           1  rt_cmsis.o(.data)
    os_running                               0x2000008d   Data           1  rt_cmsis.o(.data)
    os_timer_head                            0x20000090   Data           4  rt_cmsis.o(.data)
    os_tsk                                   0x20000094   Data           8  rt_task.o(.data)
    os_time                                  0x2000009c   Data           4  rt_time.o(.data)
    os_tick_irqn                             0x200000a4   Data           4  rt_system.o(.data)
    dbg_msg                                  0x200000a8   Data           1  hal_cm.o(.data)
    hAudioOutI2s                             0x200000ac   Data          68  stm32f4_discovery_audio.o(.bss)
    hAudioInI2s                              0x200000f0   Data          68  stm32f4_discovery_audio.o(.bss)
    Filter                                   0x20000134   Data          52  stm32f4_discovery_audio.o(.bss)
    mp_tcb                                   0x20000228   Data         480  rtx_conf_cm.o(.bss)
    mp_stk                                   0x20000408   Data       12016  rtx_conf_cm.o(.bss)
    os_stack_mem                             0x200032f8   Data       12248  rtx_conf_cm.o(.bss)
    os_fifo                                  0x200062d0   Data         132  rtx_conf_cm.o(.bss)
    os_active_TCB                            0x20006354   Data          36  rtx_conf_cm.o(.bss)
    os_messageQ_q_osTimerMessageQ            0x20006378   Data          32  rtx_conf_cm.o(.bss)
    os_idle_TCB                              0x200068b0   Data          52  rt_task.o(.bss)
    os_rdy                                   0x200068e4   Data          24  rt_list.o(.bss)
    os_dly                                   0x200068fc   Data          24  rt_list.o(.bss)
    __libspace_start                         0x20006914   Data          96  libspace.o(.bss)
    __temporary_stack_top$libspace           0x20006974   Data           0  libspace.o(.bss)



==============================================================================

Memory Map of the image

  Image Entry point : 0x08000189

  Load Region LR_IROM1 (Base: 0x08000000, Size: 0x00004b18, Max: 0x00100000, ABSOLUTE)

    Execution Region ER_IROM1 (Base: 0x08000000, Size: 0x00004a6c, Max: 0x00100000, ABSOLUTE)

    Base Addr    Size         Type   Attr      Idx    E Section Name        Object

    0x08000000   0x00000188   Data   RO         3578    RESET               startup_stm32f407xx.o
    0x08000188   0x00000008   Code   RO         5834  * !!!main             c_w.l(__main.o)
    0x08000190   0x00000034   Code   RO         6287    !!!scatter          c_w.l(__scatter.o)
    0x080001c4   0x0000001a   Code   RO         6289    !!handler_copy      c_w.l(__scatter_copy.o)
    0x080001de   0x00000002   PAD
    0x080001e0   0x0000001c   Code   RO         6291    !!handler_zi        c_w.l(__scatter_zi.o)
    0x080001fc   0x00000002   Code   RO         6122    .ARM.Collect$$libinit$$00000000  c_w.l(libinit.o)
    0x080001fe   0x00000004   Code   RO         6123    .ARM.Collect$$libinit$$00000001  c_w.l(libinit2.o)
    0x08000202   0x00000000   Code   RO         6126    .ARM.Collect$$libinit$$00000004  c_w.l(libinit2.o)
    0x08000202   0x00000000   Code   RO         6129    .ARM.Collect$$libinit$$0000000A  c_w.l(libinit2.o)
    0x08000202   0x00000000   Code   RO         6131    .ARM.Collect$$libinit$$0000000C  c_w.l(libinit2.o)
    0x08000202   0x00000000   Code   RO         6133    .ARM.Collect$$libinit$$0000000E  c_w.l(libinit2.o)
    0x08000202   0x00000000   Code   RO         6136    .ARM.Collect$$libinit$$00000011  c_w.l(libinit2.o)
    0x08000202   0x00000000   Code   RO         6138    .ARM.Collect$$libinit$$00000013  c_w.l(libinit2.o)
    0x08000202   0x00000000   Code   RO         6140    .ARM.Collect$$libinit$$00000015  c_w.l(libinit2.o)
    0x08000202   0x00000000   Code   RO         6142    .ARM.Collect$$libinit$$00000017  c_w.l(libinit2.o)
    0x08000202   0x00000000   Code   RO         6144    .ARM.Collect$$libinit$$00000019  c_w.l(libinit2.o)
    0x08000202   0x00000000   Code   RO         6146    .ARM.Collect$$libinit$$0000001B  c_w.l(libinit2.o)
    0x08000202   0x00000000   Code   RO         6148    .ARM.Collect$$libinit$$0000001D  c_w.l(libinit2.o)
    0x08000202   0x00000000   Code   RO         6150    .ARM.Collect$$libinit$$0000001F  c_w.l(libinit2.o)
    0x08000202   0x00000000   Code   RO         6152    .ARM.Collect$$libinit$$00000021  c_w.l(libinit2.o)
    0x08000202   0x00000000   Code   RO         6154    .ARM.Collect$$libinit$$00000023  c_w.l(libinit2.o)
    0x08000202   0x00000000   Code   RO         6156    .ARM.Collect$$libinit$$00000025  c_w.l(libinit2.o)
    0x08000202   0x00000000   Code   RO         6160    .ARM.Collect$$libinit$$0000002C  c_w.l(libinit2.o)
    0x08000202   0x00000000   Code   RO         6162    .ARM.Collect$$libinit$$0000002E  c_w.l(libinit2.o)
    0x08000202   0x00000000   Code   RO         6164    .ARM.Collect$$libinit$$00000030  c_w.l(libinit2.o)
    0x08000202   0x00000000   Code   RO         6166    .ARM.Collect$$libinit$$00000032  c_w.l(libinit2.o)
    0x08000202   0x00000002   Code   RO         6167    .ARM.Collect$$libinit$$00000033  c_w.l(libinit2.o)
    0x08000204   0x00000002   Code   RO         6168    .ARM.Collect$$libshutdown$$00000000  c_w.l(libshutdown.o)
    0x08000206   0x00000000   Code   RO         6170    .ARM.Collect$$libshutdown$$00000002  c_w.l(libshutdown2.o)
    0x08000206   0x00000000   Code   RO         6172    .ARM.Collect$$libshutdown$$00000004  c_w.l(libshutdown2.o)
    0x08000206   0x00000000   Code   RO         6175    .ARM.Collect$$libshutdown$$00000007  c_w.l(libshutdown2.o)
    0x08000206   0x00000000   Code   RO         6178    .ARM.Collect$$libshutdown$$0000000A  c_w.l(libshutdown2.o)
    0x08000206   0x00000000   Code   RO         6180    .ARM.Collect$$libshutdown$$0000000C  c_w.l(libshutdown2.o)
    0x08000206   0x00000000   Code   RO         6183    .ARM.Collect$$libshutdown$$0000000F  c_w.l(libshutdown2.o)
    0x08000206   0x00000002   Code   RO         6184    .ARM.Collect$$libshutdown$$00000010  c_w.l(libshutdown2.o)
    0x08000208   0x00000000   Code   RO         5898    .ARM.Collect$$rtentry$$00000000  c_w.l(__rtentry.o)
    0x08000208   0x00000000   Code   RO         5970    .ARM.Collect$$rtentry$$00000002  c_w.l(__rtentry2.o)
    0x08000208   0x00000006   Code   RO         5982    .ARM.Collect$$rtentry$$00000004  c_w.l(__rtentry4.o)
    0x0800020e   0x00000000   Code   RO         5972    .ARM.Collect$$rtentry$$00000009  c_w.l(__rtentry2.o)
    0x0800020e   0x00000004   Code   RO         5973    .ARM.Collect$$rtentry$$0000000A  c_w.l(__rtentry2.o)
    0x08000212   0x00000008   Code   RO         5974    .ARM.Collect$$rtentry$$0000000B  c_w.l(__rtentry2.o)
    0x0800021a   0x00000008   Code   RO         5976    .ARM.Collect$$rtentry$$0000000D  c_w.l(__rtentry2.o)
    0x08000222   0x00000002   Code   RO         5899    .ARM.Collect$$rtexit$$00000000  c_w.l(rtexit.o)
    0x08000224   0x00000000   Code   RO         5985    .ARM.Collect$$rtexit$$00000002  c_w.l(rtexit2.o)
    0x08000224   0x00000004   Code   RO         5986    .ARM.Collect$$rtexit$$00000003  c_w.l(rtexit2.o)
    0x08000228   0x00000006   Code   RO         5987    .ARM.Collect$$rtexit$$00000004  c_w.l(rtexit2.o)
    0x0800022e   0x00000002   PAD
    0x08000230   0x0000001c   Code   RO          985    .emb_text           rtx_conf_cm.o
    0x0800024c   0x00000198   Code   RO         5509    .emb_text           RTX_CM4.lib(hal_cm4.o)
    0x080003e4   0x00000040   Code   RO         3579    .text               startup_stm32f407xx.o
    0x08000424   0x00000008   Code   RO         5805    .text               c_w.l(libspace.o)
    0x0800042c   0x00000012   Code   RO         5814    .text               c_w.l(exit.o)
    0x0800043e   0x0000004e   Code   RO         5828    .text               c_w.l(rt_memclr_w.o)
    0x0800048c   0x00000080   Code   RO         5830    .text               c_w.l(strcmpv7m.o)
    0x0800050c   0x00000006   Code   RO         5832    .text               c_w.l(heapauxi.o)
    0x08000512   0x00000002   PAD
    0x08000514   0x0000000c   Code   RO         6028    .text               c_w.l(sys_exit.o)
    0x08000520   0x0000004a   Code   RO         6030    .text               c_w.l(sys_stackheap_outer.o)
    0x0800056a   0x00000002   Code   RO         6187    .text               c_w.l(use_no_semi.o)
    0x0800056c   0x00000000   Code   RO         6189    .text               c_w.l(indicate_semi.o)
    0x0800056c   0x00000004   Code   RO         5792    SVC_TABLE           RTX_CM4.lib(svc_table.o)
    0x08000570   0x00000004   Code   RO          661    i.BusFault_Handler  stm32f4xx_it.o
    0x08000574   0x00000010   Code   RO          662    i.DMA1_Stream3_IRQHandler  stm32f4xx_it.o
    0x08000584   0x00000010   Code   RO          663    i.DMA1_Stream7_IRQHandler  stm32f4xx_it.o
    0x08000594   0x00000002   Code   RO          664    i.DebugMon_Handler  stm32f4xx_it.o
    0x08000596   0x0000000a   Code   RO          665    i.EXTI0_IRQHandler  stm32f4xx_it.o
    0x080005a0   0x0000000a   Code   RO          666    i.EXTI1_IRQHandler  stm32f4xx_it.o
    0x080005aa   0x00000002   PAD
    0x080005ac   0x00000184   Code   RO         1129    i.Enable_GPIO_Clock  usart_stm32f4xx.o
    0x08000730   0x00000004   Code   RO          101    i.Error_Handler     main.o
    0x08000734   0x000000aa   Code   RO         1826    i.HAL_DMA_Abort     stm32f4xx_hal_dma.o
    0x080007de   0x00000002   PAD
    0x080007e0   0x00000248   Code   RO         1831    i.HAL_DMA_IRQHandler  stm32f4xx_hal_dma.o
    0x08000a28   0x00000174   Code   RO         1970    i.HAL_GPIO_DeInit   stm32f4xx_hal_gpio.o
    0x08000b9c   0x00000002   Code   RO         1971    i.HAL_GPIO_EXTI_Callback  stm32f4xx_hal_gpio.o
    0x08000b9e   0x00000002   PAD
    0x08000ba0   0x0000001c   Code   RO         1972    i.HAL_GPIO_EXTI_IRQHandler  stm32f4xx_hal_gpio.o
    0x08000bbc   0x0000020c   Code   RO         1973    i.HAL_GPIO_Init     stm32f4xx_hal_gpio.o
    0x08000dc8   0x00000010   Code   RO         1975    i.HAL_GPIO_ReadPin  stm32f4xx_hal_gpio.o
    0x08000dd8   0x0000000c   Code   RO         1977    i.HAL_GPIO_WritePin  stm32f4xx_hal_gpio.o
    0x08000de4   0x0000000c   Code   RO         1560    i.HAL_GetREVID      stm32f4xx_hal.o
    0x08000df0   0x0000000c   Code   RO          102    i.HAL_GetTick       main.o
    0x08000dfc   0x0000003c   Code   RO         1563    i.HAL_Init          stm32f4xx_hal.o
    0x08000e38   0x00000028   Code   RO         1564    i.HAL_InitTick      stm32f4xx_hal.o
    0x08000e60   0x00000002   Code   RO         1566    i.HAL_MspInit       stm32f4xx_hal.o
    0x08000e62   0x00000002   PAD
    0x08000e64   0x00000024   Code   RO         1697    i.HAL_NVIC_DisableIRQ  stm32f4xx_hal_cortex.o
    0x08000e88   0x0000007c   Code   RO         1704    i.HAL_NVIC_SetPriority  stm32f4xx_hal_cortex.o
    0x08000f04   0x00000028   Code   RO         1705    i.HAL_NVIC_SetPriorityGrouping  stm32f4xx_hal_cortex.o
    0x08000f2c   0x000001d0   Code   RO         2914    i.HAL_RCC_ClockConfig  stm32f4xx_hal_rcc.o
    0x080010fc   0x0000000c   Code   RO         2919    i.HAL_RCC_GetHCLKFreq  stm32f4xx_hal_rcc.o
    0x08001108   0x0000002c   Code   RO         2921    i.HAL_RCC_GetPCLK1Freq  stm32f4xx_hal_rcc.o
    0x08001134   0x000000b4   Code   RO         2923    i.HAL_RCC_GetSysClockFreq  stm32f4xx_hal_rcc.o
    0x080011e8   0x0000039c   Code   RO         2926    i.HAL_RCC_OscConfig  stm32f4xx_hal_rcc.o
    0x08001584   0x00000034   Code   RO         1709    i.HAL_SYSTICK_Config  stm32f4xx_hal_cortex.o
    0x080015b8   0x00000004   Code   RO          667    i.HardFault_Handler  stm32f4xx_it.o
    0x080015bc   0x00000002   Code   RO          743    i.Indexing          thread.o
    0x080015be   0x00000002   PAD
    0x080015c0   0x00000080   Code   RO          744    i.Init_Thread       thread.o
    0x08001640   0x0000004c   Code   RO          933    i.LED_Initialize    led_f4discovery.o
    0x0800168c   0x00000020   Code   RO          934    i.LED_Off           led_f4discovery.o
    0x080016ac   0x00000020   Code   RO          935    i.LED_On            led_f4discovery.o
    0x080016cc   0x00000004   Code   RO          668    i.MemManage_Handler  stm32f4xx_it.o
    0x080016d0   0x00000002   Code   RO          669    i.NMI_Handler       stm32f4xx_it.o
    0x080016d2   0x0000001a   Code   RO         1059    i.OTG_FS_IRQHandler  otg_fs_stm32f4xx.o
    0x080016ec   0x00000002   Code   RO          745    i.Playing           thread.o
    0x080016ee   0x00000002   Code   RO          746    i.SDCO              thread.o
    0x080016f0   0x000000c0   Code   RO          103    i.SystemClock_Config  main.o
    0x080017b0   0x00000064   Code   RO         3587    i.SystemInit        system_stm32f4xx.o
    0x08001814   0x00000048   Code   RO          747    i.Thread            thread.o
    0x0800185c   0x00000010   Code   RO         1130    i.UART4_IRQHandler  usart_stm32f4xx.o
    0x0800186c   0x000000c0   Code   RO          834    i.UART_Init         uart_driver.o
    0x0800192c   0x00000040   Code   RO          835    i.UART_receive      uart_driver.o
    0x0800196c   0x00000018   Code   RO         1131    i.USART4_Control    usart_stm32f4xx.o
    0x08001984   0x00000010   Code   RO         1132    i.USART4_GetCapabilities  usart_stm32f4xx.o
    0x08001994   0x00000010   Code   RO         1133    i.USART4_GetModemStatus  usart_stm32f4xx.o
    0x080019a4   0x00000010   Code   RO         1134    i.USART4_GetRxCount  usart_stm32f4xx.o
    0x080019b4   0x00000010   Code   RO         1135    i.USART4_GetStatus  usart_stm32f4xx.o
    0x080019c4   0x00000010   Code   RO         1136    i.USART4_GetTxCount  usart_stm32f4xx.o
    0x080019d4   0x00000014   Code   RO         1137    i.USART4_Initialize  usart_stm32f4xx.o
    0x080019e8   0x00000014   Code   RO         1138    i.USART4_PowerControl  usart_stm32f4xx.o
    0x080019fc   0x00000018   Code   RO         1139    i.USART4_Receive    usart_stm32f4xx.o
    0x08001a14   0x00000018   Code   RO         1140    i.USART4_Send       usart_stm32f4xx.o
    0x08001a2c   0x00000014   Code   RO         1141    i.USART4_SetModemControl  usart_stm32f4xx.o
    0x08001a40   0x0000001c   Code   RO         1142    i.USART4_Transfer   usart_stm32f4xx.o
    0x08001a5c   0x00000010   Code   RO         1143    i.USART4_Uninitialize  usart_stm32f4xx.o
    0x08001a6c   0x000008a4   Code   RO         1144    i.USART_Control     usart_stm32f4xx.o
    0x08002310   0x00000006   Code   RO         1145    i.USART_GetCapabilities  usart_stm32f4xx.o
    0x08002316   0x0000005a   Code   RO         1146    i.USART_GetModemStatus  usart_stm32f4xx.o
    0x08002370   0x00000008   Code   RO         1147    i.USART_GetRxCount  usart_stm32f4xx.o
    0x08002378   0x00000076   Code   RO         1148    i.USART_GetStatus   usart_stm32f4xx.o
    0x080023ee   0x00000008   Code   RO         1149    i.USART_GetTxCount  usart_stm32f4xx.o
    0x080023f6   0x00000272   Code   RO         1150    i.USART_IRQHandler  usart_stm32f4xx.o
    0x08002668   0x0000008a   Code   RO         1151    i.USART_Initialize  usart_stm32f4xx.o
    0x080026f2   0x00000002   PAD
    0x080026f4   0x00000134   Code   RO         1152    i.USART_PeripheralReset  usart_stm32f4xx.o
    0x08002828   0x000002c0   Code   RO         1153    i.USART_PowerControl  usart_stm32f4xx.o
    0x08002ae8   0x000000a2   Code   RO         1154    i.USART_Receive     usart_stm32f4xx.o
    0x08002b8a   0x00000088   Code   RO         1155    i.USART_Send        usart_stm32f4xx.o
    0x08002c12   0x00000072   Code   RO         1156    i.USART_SetModemControl  usart_stm32f4xx.o
    0x08002c84   0x0000006a   Code   RO         1157    i.USART_Transfer    usart_stm32f4xx.o
    0x08002cee   0x0000006a   Code   RO         1158    i.USART_Uninitialize  usart_stm32f4xx.o
    0x08002d58   0x00000050   Code   RO          838    i.USART_callback    uart_driver.o
    0x08002da8   0x00000010   Code   RO         1159    i.USARTx_GetVersion  usart_stm32f4xx.o
    0x08002db8   0x00000010   Code   RO         1326    i.USBH_CH_GetIndexFromAddress  usbh_fs_stm32f4xx.o
    0x08002dc8   0x00000424   Code   RO         1327    i.USBH_FS_IRQ       usbh_fs_stm32f4xx.o
    0x080031ec   0x000001f4   Code   RO         1331    i.USBH_HW_StartTransfer  usbh_fs_stm32f4xx.o
    0x080033e0   0x00000004   Code   RO          670    i.UsageFault_Handler  stm32f4xx_it.o
    0x080033e4   0x0000001c   Code   RO         1347    i.__NVIC_DisableIRQ  usbh_fs_stm32f4xx.o
    0x08003400   0x0000001a   Code   RO         1348    i.__NVIC_EnableIRQ  usbh_fs_stm32f4xx.o
    0x0800341a   0x00000002   PAD
    0x0800341c   0x00000010   Code   RO         1711    i.__NVIC_GetPriorityGrouping  stm32f4xx_hal_cortex.o
    0x0800342c   0x00000028   Code   RO         1712    i.__NVIC_SetPriority  stm32f4xx_hal_cortex.o
    0x08003454   0x00000046   Code   RO         5403    i._init_box         RTX_CM4.lib(rt_membox.o)
    0x0800349a   0x00000002   PAD
    0x0800349c   0x00000020   Code   RO          987    i._mutex_acquire    rtx_conf_cm.o
    0x080034bc   0x0000001c   Code   RO          989    i._mutex_release    rtx_conf_cm.o
    0x080034d8   0x00000030   Code   RO         5456    i.dbg_init          RTX_CM4.lib(hal_cm.o)
    0x08003508   0x00000020   Code   RO         5457    i.dbg_task_notify   RTX_CM4.lib(hal_cm.o)
    0x08003528   0x00000010   Code   RO         5458    i.dbg_task_switch   RTX_CM4.lib(hal_cm.o)
    0x08003538   0x0000002a   Code   RO         4009    i.isrMessageGet     RTX_CM4.lib(rt_cmsis.o)
    0x08003562   0x0000002c   Code   RO         4010    i.isrMessagePut     RTX_CM4.lib(rt_cmsis.o)
    0x0800358e   0x00000028   Code   RO         4011    i.isrSemaphoreRelease  RTX_CM4.lib(rt_cmsis.o)
    0x080035b6   0x00000002   PAD
    0x080035b8   0x00000056   Code   RO         5312    i.isr_mbx_receive   RTX_CM4.lib(rt_mailbox.o)
    0x0800360e   0x0000000e   Code   RO         5313    i.isr_mbx_send      RTX_CM4.lib(rt_mailbox.o)
    0x0800361c   0x00000010   Code   RO         5360    i.isr_sem_send      RTX_CM4.lib(rt_semaphore.o)
    0x0800362c   0x0000001e   Code   RO          104    i.main              main.o
    0x0800364a   0x00000002   PAD
    0x0800364c   0x00000024   Code   RO         4014    i.osKernelInitialize  RTX_CM4.lib(rt_cmsis.o)
    0x08003670   0x0000006c   Code   RO         4016    i.osKernelStart     RTX_CM4.lib(rt_cmsis.o)
    0x080036dc   0x00000018   Code   RO         4025    i.osMessageGet      RTX_CM4.lib(rt_cmsis.o)
    0x080036f4   0x00000030   Code   RO         4035    i.osSemaphoreCreate  RTX_CM4.lib(rt_cmsis.o)
    0x08003724   0x00000018   Code   RO         4037    i.osSemaphoreRelease  RTX_CM4.lib(rt_cmsis.o)
    0x0800373c   0x00000018   Code   RO         4038    i.osSemaphoreWait   RTX_CM4.lib(rt_cmsis.o)
    0x08003754   0x00000030   Code   RO         4042    i.osThreadCreate    RTX_CM4.lib(rt_cmsis.o)
    0x08003784   0x00000018   Code   RO         4043    i.osThreadExit      RTX_CM4.lib(rt_cmsis.o)
    0x0800379c   0x0000000c   Code   RO         4049    i.osTimerCall       RTX_CM4.lib(rt_cmsis.o)
    0x080037a8   0x0000002c   Code   RO         4054    i.osTimerThread     RTX_CM4.lib(rt_cmsis.o)
    0x080037d4   0x00000022   Code   RO          990    i.os_error          rtx_conf_cm.o
    0x080037f6   0x00000004   Code   RO          991    i.os_idle_demon     rtx_conf_cm.o
    0x080037fa   0x00000002   PAD
    0x080037fc   0x00000028   Code   RO         5104    i.os_tick_init      RTX_CM4.lib(rt_system.o)
    0x08003824   0x00000002   Code   RO         5105    i.os_tick_irqack    RTX_CM4.lib(rt_system.o)
    0x08003826   0x0000001a   Code   RO         5404    i.rt_alloc_box      RTX_CM4.lib(rt_membox.o)
    0x08003840   0x0000003e   Code   RO         5432    i.rt_alloc_mem      RTX_CM4.lib(rt_memory.o)
    0x0800387e   0x00000002   PAD
    0x08003880   0x00000038   Code   RO         4634    i.rt_block          RTX_CM4.lib(rt_task.o)
    0x080038b8   0x00000002   Code   RO          992    i.rt_chk_robin      rtx_conf_cm.o
    0x080038ba   0x00000002   PAD
    0x080038bc   0x00000070   Code   RO         5236    i.rt_dec_dly        RTX_CM4.lib(rt_list.o)
    0x0800392c   0x00000044   Code   RO         4635    i.rt_dispatch       RTX_CM4.lib(rt_task.o)
    0x08003970   0x00000050   Code   RO         5197    i.rt_evt_psh        RTX_CM4.lib(rt_event.o)
    0x080039c0   0x0000002c   Code   RO         5405    i.rt_free_box       RTX_CM4.lib(rt_membox.o)
    0x080039ec   0x00000028   Code   RO         5433    i.rt_free_mem       RTX_CM4.lib(rt_memory.o)
    0x08003a14   0x00000028   Code   RO         5237    i.rt_get_first      RTX_CM4.lib(rt_list.o)
    0x08003a3c   0x00000008   Code   RO         4059    i.rt_id2obj         RTX_CM4.lib(rt_cmsis.o)
    0x08003a44   0x00000048   Code   RO         4636    i.rt_init_context   RTX_CM4.lib(rt_task.o)
    0x08003a8c   0x0000001a   Code   RO         5434    i.rt_init_mem       RTX_CM4.lib(rt_memory.o)
    0x08003aa6   0x00000002   Code   RO          993    i.rt_init_robin     rtx_conf_cm.o
    0x08003aa8   0x00000080   Code   RO         5459    i.rt_init_stack     RTX_CM4.lib(hal_cm.o)
    0x08003b28   0x00000008   Code   RO         5314    i.rt_mbx_check      RTX_CM4.lib(rt_mailbox.o)
    0x08003b30   0x0000001a   Code   RO         5315    i.rt_mbx_init       RTX_CM4.lib(rt_mailbox.o)
    0x08003b4a   0x00000002   PAD
    0x08003b4c   0x000000f0   Code   RO         5316    i.rt_mbx_psh        RTX_CM4.lib(rt_mailbox.o)
    0x08003c3c   0x000000b4   Code   RO         5318    i.rt_mbx_wait       RTX_CM4.lib(rt_mailbox.o)
    0x08003cf0   0x00000044   Code   RO         4060    i.rt_ms2tick        RTX_CM4.lib(rt_cmsis.o)
    0x08003d34   0x000000d8   Code   RO         4753    i.rt_mut_release    RTX_CM4.lib(rt_mutex.o)
    0x08003e0c   0x00000068   Code   RO         4754    i.rt_mut_wait       RTX_CM4.lib(rt_mutex.o)
    0x08003e74   0x0000007c   Code   RO         5108    i.rt_pop_req        RTX_CM4.lib(rt_system.o)
    0x08003ef0   0x00000020   Code   RO         5109    i.rt_psh_req        RTX_CM4.lib(rt_system.o)
    0x08003f10   0x0000005c   Code   RO         5239    i.rt_psq_enq        RTX_CM4.lib(rt_list.o)
    0x08003f6c   0x00000048   Code   RO         5240    i.rt_put_dly        RTX_CM4.lib(rt_list.o)
    0x08003fb4   0x00000036   Code   RO         5241    i.rt_put_prio       RTX_CM4.lib(rt_list.o)
    0x08003fea   0x00000002   PAD
    0x08003fec   0x00000014   Code   RO         5242    i.rt_put_rdy_first  RTX_CM4.lib(rt_list.o)
    0x08004000   0x00000034   Code   RO         5243    i.rt_resort_prio    RTX_CM4.lib(rt_list.o)
    0x08004034   0x00000010   Code   RO         5460    i.rt_ret_regs       RTX_CM4.lib(hal_cm.o)
    0x08004044   0x0000000c   Code   RO         5461    i.rt_ret_val        RTX_CM4.lib(hal_cm.o)
    0x08004050   0x00000010   Code   RO         5462    i.rt_ret_val2       RTX_CM4.lib(hal_cm.o)
    0x08004060   0x00000028   Code   RO         5244    i.rt_rmv_dly        RTX_CM4.lib(rt_list.o)
    0x08004088   0x00000030   Code   RO         5245    i.rt_rmv_list       RTX_CM4.lib(rt_list.o)
    0x080040b8   0x0000000c   Code   RO         5362    i.rt_sem_init       RTX_CM4.lib(rt_semaphore.o)
    0x080040c4   0x00000034   Code   RO         5363    i.rt_sem_psh        RTX_CM4.lib(rt_semaphore.o)
    0x080040f8   0x0000002a   Code   RO         5364    i.rt_sem_send       RTX_CM4.lib(rt_semaphore.o)
    0x08004122   0x00000002   PAD
    0x08004124   0x00000040   Code   RO         5365    i.rt_sem_wait       RTX_CM4.lib(rt_semaphore.o)
    0x08004164   0x00000024   Code   RO         5111    i.rt_stk_check      RTX_CM4.lib(rt_system.o)
    0x08004188   0x00000028   Code   RO         4637    i.rt_switch_req     RTX_CM4.lib(rt_task.o)
    0x080041b0   0x000000cc   Code   RO         4638    i.rt_sys_init       RTX_CM4.lib(rt_task.o)
    0x0800427c   0x00000078   Code   RO         4639    i.rt_sys_start      RTX_CM4.lib(rt_task.o)
    0x080042f4   0x00000040   Code   RO         5113    i.rt_systick        RTX_CM4.lib(rt_system.o)
    0x08004334   0x00000012   Code   RO         4061    i.rt_tid2ptcb       RTX_CM4.lib(rt_cmsis.o)
    0x08004346   0x00000002   PAD
    0x08004348   0x00000034   Code   RO         4062    i.rt_timer_insert   RTX_CM4.lib(rt_cmsis.o)
    0x0800437c   0x00000088   Code   RO         4640    i.rt_tsk_create     RTX_CM4.lib(rt_task.o)
    0x08004404   0x0000017c   Code   RO         4641    i.rt_tsk_delete     RTX_CM4.lib(rt_task.o)
    0x08004580   0x0000007c   Code   RO         4643    i.rt_tsk_prio       RTX_CM4.lib(rt_task.o)
    0x080045fc   0x00000010   Code   RO         4644    i.rt_tsk_self       RTX_CM4.lib(rt_task.o)
    0x0800460c   0x00000070   Code   RO         4065    i.svcKernelInitialize  RTX_CM4.lib(rt_cmsis.o)
    0x0800467c   0x00000048   Code   RO         4067    i.svcKernelStart    RTX_CM4.lib(rt_cmsis.o)
    0x080046c4   0x00000024   Code   RO         4070    i.svcMessageCreate  RTX_CM4.lib(rt_cmsis.o)
    0x080046e8   0x0000003a   Code   RO         4071    i.svcMessageGet     RTX_CM4.lib(rt_cmsis.o)
    0x08004722   0x00000024   Code   RO         4078    i.svcSemaphoreCreate  RTX_CM4.lib(rt_cmsis.o)
    0x08004746   0x00000028   Code   RO         4080    i.svcSemaphoreRelease  RTX_CM4.lib(rt_cmsis.o)
    0x0800476e   0x00000032   Code   RO         4081    i.svcSemaphoreWait  RTX_CM4.lib(rt_cmsis.o)
    0x080047a0   0x00000070   Code   RO         4085    i.svcThreadCreate   RTX_CM4.lib(rt_cmsis.o)
    0x08004810   0x0000001c   Code   RO         4086    i.svcThreadGetId    RTX_CM4.lib(rt_cmsis.o)
    0x0800482c   0x00000038   Code   RO         4089    i.svcThreadTerminate  RTX_CM4.lib(rt_cmsis.o)
    0x08004864   0x00000018   Code   RO         4091    i.svcTimerCall      RTX_CM4.lib(rt_cmsis.o)
    0x0800487c   0x0000005c   Code   RO         4100    i.sysTimerTick      RTX_CM4.lib(rt_cmsis.o)
    0x080048d8   0x0000000a   Code   RO         6229    x$fpl$fpinit        fz_wm.l(fpinit.o)
    0x080048e2   0x00000002   PAD
    0x080048e4   0x00000040   Data   RO          748    .constdata          thread.o
    0x08004924   0x00000010   Data   RO          839    .constdata          uart_driver.o
    0x08004934   0x00000020   Data   RO          938    .constdata          led_f4discovery.o
    0x08004954   0x00000068   Data   RO          995    .constdata          rtx_conf_cm.o
    0x080049bc   0x00000080   Data   RO         1161    .constdata          usart_stm32f4xx.o
    0x08004a3c   0x00000010   Data   RO         2927    .constdata          stm32f4xx_hal_rcc.o
    0x08004a4c   0x00000020   Data   RO         6286    Region$$Table       anon$$obj.o


    Execution Region RW_IRAM1 (Base: 0x20000000, Size: 0x00019978, Max: 0x00020000, ABSOLUTE)

    Base Addr    Size         Type   Attr      Idx    E Section Name        Object

    0x20000000   0x00000018   Data   RW          749    .data               thread.o
    0x20000018   0x00000030   Data   RW          840    .data               uart_driver.o
    0x20000048   0x00000014   Data   RW          996    .data               rtx_conf_cm.o
    0x2000005c   0x0000002b   Data   RW         1351    .data               usbh_fs_stm32f4xx.o
    0x20000087   0x00000001   PAD
    0x20000088   0x00000004   Data   RW         3589    .data               system_stm32f4xx.o
    0x2000008c   0x00000008   Data   RW         4103    .data               RTX_CM4.lib(rt_cmsis.o)
    0x20000094   0x00000008   Data   RW         4646    .data               RTX_CM4.lib(rt_task.o)
    0x2000009c   0x00000004   Data   RW         4722    .data               RTX_CM4.lib(rt_time.o)
    0x200000a0   0x00000008   Data   RW         5116    .data               RTX_CM4.lib(rt_system.o)
    0x200000a8   0x00000001   Data   RW         5463    .data               RTX_CM4.lib(hal_cm.o)
    0x200000a9   0x00000003   PAD
    0x200000ac   0x0000017c   Zero   RW          475    .bss                stm32f4_discovery_audio.o
    0x20000228   0x00006550   Zero   RW          994    .bss                rtx_conf_cm.o
    0x20006778   0x00000038   Zero   RW         1160    .bss                usart_stm32f4xx.o
    0x200067b0   0x00000100   Zero   RW         1349    .bss                usbh_fs_stm32f4xx.o
    0x200068b0   0x00000034   Zero   RW         4645    .bss                RTX_CM4.lib(rt_task.o)
    0x200068e4   0x00000030   Zero   RW         5246    .bss                RTX_CM4.lib(rt_list.o)
    0x20006914   0x00000060   Zero   RW         5806    .bss                c_w.l(libspace.o)
    0x20006974   0x00000004   PAD
    0x20006978   0x0000b000   Zero   RW         3577    HEAP                startup_stm32f407xx.o
    0x20011978   0x00008000   Zero   RW         3576    STACK               startup_stm32f407xx.o


==============================================================================

Image component sizes


      Code (inc. data)   RO Data    RW Data    ZI Data      Debug   Object Name

         0          0          0          0          0       5344   cs43l22.o
       140         16         32          0          0       2896   led_f4discovery.o
       238         20          0          0          0     291421   main.o
        26          0          0          0          0      41088   otg_fs_stm32f4xx.o
       130         26        104         20      25936      10594   rtx_conf_cm.o
        64         26        392          0      77824        892   startup_stm32f407xx.o
         0          0          0          0        380       2340   stm32f4_discovery_audio.o
       114         14          0          0          0       2403   stm32f4xx_hal.o
       308         28          0          0          0      32328   stm32f4xx_hal_cortex.o
       754         10          0          0          0       2593   stm32f4xx_hal_dma.o
       954         98          0          0          0       5497   stm32f4xx_hal_gpio.o
      1624         62         16          0          0       5376   stm32f4xx_hal_rcc.o
        72          8          0          0          0       4847   stm32f4xx_it.o
       100         18          0          4          0       1313   system_stm32f4xx.o
       206         42         64         24          0       5683   thread.o
       336         64         16         48          0       3620   uart_driver.o
      5518        224        128          0         56      55665   usart_stm32f4xx.o
      1630         48          0         43        256      34594   usbh_fs_stm32f4xx.o

    ----------------------------------------------------------------------
     12234        704        784        140     104452     508494   Object Totals
         0          0         32          0          0          0   (incl. Generated)
        20          0          0          1          0          0   (incl. Padding)

    ----------------------------------------------------------------------

      Code (inc. data)   RO Data    RW Data    ZI Data      Debug   Library Member Name

       268         24          0          1          0       4452   hal_cm.o
       408         34          0          0          0        816   hal_cm4.o
      1380        160          0          8          0      38636   rt_cmsis.o
        80          4          0          0          0        701   rt_event.o
       530         34          0          0         48       8597   rt_list.o
       554         10          0          0          0       4189   rt_mailbox.o
       140          0          0          0          0       2045   rt_membox.o
       128          0          0          0          0       2419   rt_memory.o
       320         12          0          0          0       1699   rt_mutex.o
       186         10          0          0          0       3102   rt_semaphore.o
       298         52          0          8          0       6439   rt_system.o
      1216        174          0          8         52      10025   rt_task.o
         0          0          0          4          0        206   rt_time.o
         4          4          0          0          0        200   svc_table.o
         8          0          0          0          0         68   __main.o
         0          0          0          0          0          0   __rtentry.o
        20          0          0          0          0          0   __rtentry2.o
         6          0          0          0          0          0   __rtentry4.o
        52          8          0          0          0          0   __scatter.o
        26          0          0          0          0          0   __scatter_copy.o
        28          0          0          0          0          0   __scatter_zi.o
        18          0          0          0          0         80   exit.o
         6          0          0          0          0        152   heapauxi.o
         0          0          0          0          0          0   indicate_semi.o
         2          0          0          0          0          0   libinit.o
         6          0          0          0          0          0   libinit2.o
         2          0          0          0          0          0   libshutdown.o
         2          0          0          0          0          0   libshutdown2.o
         8          4          0          0         96         68   libspace.o
        78          0          0          0          0         80   rt_memclr_w.o
         2          0          0          0          0          0   rtexit.o
        10          0          0          0          0          0   rtexit2.o
       128          0          0          0          0         68   strcmpv7m.o
        12          4          0          0          0         68   sys_exit.o
        74          0          0          0          0         80   sys_stackheap_outer.o
         2          0          0          0          0         68   use_no_semi.o
        10          0          0          0          0        116   fpinit.o

    ----------------------------------------------------------------------
      6034        534          0         32        200      84374   Library Totals
        22          0          0          3          4          0   (incl. Padding)

    ----------------------------------------------------------------------

      Code (inc. data)   RO Data    RW Data    ZI Data      Debug   Library Name

      5512        518          0         29        100      83526   RTX_CM4.lib
       490         16          0          0         96        732   c_w.l
        10          0          0          0          0        116   fz_wm.l

    ----------------------------------------------------------------------
      6034        534          0         32        200      84374   Library Totals

    ----------------------------------------------------------------------

==============================================================================


      Code (inc. data)   RO Data    RW Data    ZI Data      Debug   

     18268       1238        784        172     104652     576208   Grand Totals
     18268       1238        784        172     104652     576208   ELF Image Totals
     18268       1238        784        172          0          0   ROM Totals

==============================================================================

    Total RO  Size (Code + RO Data)                19052 (  18.61kB)
    Total RW  Size (RW Data + ZI Data)            104824 ( 102.37kB)
    Total ROM Size (Code + RO Data + RW Data)      19224 (  18.77kB)

==============================================================================

